Component: ARM Compiler 5.05 update 1 (build 106) Tool: armlink [4d0efa]

==============================================================================

Section Cross References

    main.o(.text) refers to cmd_queue.o(.text) for queue_find_cmd
    main.o(.text) refers to cmd_process.o(.text) for ProcessMessage
    main.o(.text) refers to wdg.o(.text) for IWDG_Feed
    main.o(.text) refers to tasks.o(.text) for vTaskDelay
    main.o(.text) refers to misc.o(.text) for NVIC_PriorityGroupConfig
    main.o(.text) refers to usart.o(.text) for uart_init
    main.o(.text) refers to led.o(.text) for LED_Init
    main.o(.text) refers to beep.o(.text) for Beep_Init
    main.o(.text) refers to button.o(.text) for Button_Init
    main.o(.text) refers to phsensor.o(.text) for PhSensor_Init
    main.o(.text) refers to relaymos.o(.text) for RelayMOS_Init
    main.o(.text) refers to dcmotor.o(.text) for DCMotor_Init
    main.o(.text) refers to stepmotor.o(.text) for StepMotor_Init
    main.o(.text) refers to noretval__2printf.o(.text) for __2printf
    main.o(.text) refers to managerment.o(.bss) for cmd_buffer
    system_stm32f10x.o(.text) refers to system_stm32f10x.o(.data) for .data
    led.o(.text) refers to stm32f10x_rcc.o(.text) for RCC_APB2PeriphClockCmd
    led.o(.text) refers to stm32f10x_gpio.o(.text) for GPIO_Init
    led.o(.text) refers to tasks.o(.text) for vTaskDelay
    beep.o(.text) refers to stm32f10x_rcc.o(.text) for RCC_APB2PeriphClockCmd
    beep.o(.text) refers to stm32f10x_gpio.o(.text) for GPIO_Init
    beep.o(.text) refers to tasks.o(.text) for vTaskDelay
    button.o(.text) refers to stm32f10x_rcc.o(.text) for RCC_APB2PeriphClockCmd
    button.o(.text) refers to stm32f10x_gpio.o(.text) for GPIO_Init
    button.o(.text) refers to misc.o(.text) for NVIC_Init
    button.o(.text) refers to stm32f10x_exti.o(.text) for EXTI_ClearITPendingBit
    button.o(.text) refers to button.o(.bss) for .bss
    dcmotor.o(.text) refers to dflt_clz.o(x$fpl$dfltu) for __aeabi_ui2d
    dcmotor.o(.text) refers to dflt_clz.o(x$fpl$dflt) for __aeabi_i2d
    dcmotor.o(.text) refers to ddiv.o(x$fpl$ddiv) for __aeabi_ddiv
    dcmotor.o(.text) refers to dmul.o(x$fpl$dmul) for __aeabi_dmul
    dcmotor.o(.text) refers to dfixu.o(x$fpl$dfixu) for __aeabi_d2uiz
    dcmotor.o(.text) refers to stm32f10x_tim.o(.text) for TIM_SetCompare4
    dcmotor.o(.text) refers to stm32f10x_gpio.o(.text) for GPIO_SetBits
    dcmotor.o(.text) refers to phsensor.o(.text) for PhSensor_SetCheckEdge
    dcmotor.o(.text) refers to noretval__2printf.o(.text) for __2printf
    dcmotor.o(.text) refers to stm32f10x_rcc.o(.text) for RCC_APB1PeriphClockCmd
    dcmotor.o(.text) refers to dcmotor.o(.bss) for .bss
    dcmotor.o(.text) refers to dcmotor.o(.constdata) for .constdata
    dcmotor.o(.text) refers to dcmotor.o(.data) for .data
    dcmotor.o(.text) refers to tasks.o(.text) for vTaskDelay
    dcmotor.o(.data) refers to dcmotor.o(.bss) for dcMotor
    phsensor.o(.text) refers to _printf_percent.o(.ARM.Collect$$_printf_percent$$00000000) for _printf_percent
    phsensor.o(.text) refers to _printf_d.o(.ARM.Collect$$_printf_percent$$00000009) for _printf_d
    phsensor.o(.text) refers to _printf_dec.o(.text) for _printf_int_dec
    phsensor.o(.text) refers to stm32f10x_gpio.o(.text) for GPIO_ReadInputDataBit
    phsensor.o(.text) refers to stm32f10x_rcc.o(.text) for RCC_APB2PeriphClockCmd
    phsensor.o(.text) refers to tasks.o(.text) for vTaskDelay
    phsensor.o(.text) refers to noretval__2printf.o(.text) for __2printf
    phsensor.o(.text) refers to phsensor.o(.bss) for .bss
    phsensor.o(.text) refers to phsensor.o(.constdata) for .constdata
    phsensor.o(.data) refers to phsensor.o(.bss) for phSensor
    relaymos.o(.text) refers to stm32f10x_rcc.o(.text) for RCC_APB2PeriphClockCmd
    relaymos.o(.text) refers to stm32f10x_gpio.o(.text) for GPIO_Init
    stepmotor.o(.text) refers to _printf_percent.o(.ARM.Collect$$_printf_percent$$00000000) for _printf_percent
    stepmotor.o(.text) refers to _printf_d.o(.ARM.Collect$$_printf_percent$$00000009) for _printf_d
    stepmotor.o(.text) refers to _printf_dec.o(.text) for _printf_int_dec
    stepmotor.o(.text) refers to stm32f10x_tim.o(.text) for TIM_SetCounter
    stepmotor.o(.text) refers to phsensor.o(.text) for PhSensor_GetStatus
    stepmotor.o(.text) refers to noretval__2printf.o(.text) for __2printf
    stepmotor.o(.text) refers to stm32f10x_rcc.o(.text) for RCC_APB2PeriphClockCmd
    stepmotor.o(.text) refers to stm32f10x_gpio.o(.text) for GPIO_Init
    stepmotor.o(.text) refers to stepmotor.o(.bss) for .bss
    stepmotor.o(.text) refers to stepmotor.o(.constdata) for .constdata
    stepmotor.o(.text) refers to misc.o(.text) for NVIC_Init
    stepmotor.o(.text) refers to tasks.o(.text) for vTaskDelay
    stepmotor.o(.text) refers to stepmotor.o(.data) for .data
    stepmotor.o(.data) refers to stepmotor.o(.bss) for stepMotor
    24cxx.o(.text) refers to myiic.o(.text) for IIC_Init
[...]
    TIM8_BRK_IRQHandler                      0x08001c17   Thumb Code     0  startup_stm32f10x_hd.o(.text)
    TIM8_CC_IRQHandler                       0x08001c17   Thumb Code     0  startup_stm32f10x_hd.o(.text)
    TIM8_TRG_COM_IRQHandler                  0x08001c17   Thumb Code     0  startup_stm32f10x_hd.o(.text)
    TIM8_UP_IRQHandler                       0x08001c17   Thumb Code     0  startup_stm32f10x_hd.o(.text)
    UART5_IRQHandler                         0x08001c17   Thumb Code     0  startup_stm32f10x_hd.o(.text)
    USART2_IRQHandler                        0x08001c17   Thumb Code     0  startup_stm32f10x_hd.o(.text)
    USART3_IRQHandler                        0x08001c17   Thumb Code     0  startup_stm32f10x_hd.o(.text)
    USBWakeUp_IRQHandler                     0x08001c17   Thumb Code     0  startup_stm32f10x_hd.o(.text)
    USB_HP_CAN1_TX_IRQHandler                0x08001c17   Thumb Code     0  startup_stm32f10x_hd.o(.text)
    USB_LP_CAN1_RX0_IRQHandler               0x08001c17   Thumb Code     0  startup_stm32f10x_hd.o(.text)
    WWDG_IRQHandler                          0x08001c17   Thumb Code     0  startup_stm32f10x_hd.o(.text)
    __user_initial_stackheap                 0x08001c19   Thumb Code     0  startup_stm32f10x_hd.o(.text)
    NVIC_PriorityGroupConfig                 0x08001c3d   Thumb Code    10  misc.o(.text)
    NVIC_Init                                0x08001c47   Thumb Code    94  misc.o(.text)
    NVIC_SetVectorTable                      0x08001ca5   Thumb Code    14  misc.o(.text)
    NVIC_SystemLPConfig                      0x08001cb3   Thumb Code    20  misc.o(.text)
    SysTick_CLKSourceConfig                  0x08001cc7   Thumb Code    24  misc.o(.text)
    GPIO_DeInit                              0x08001ced   Thumb Code   152  stm32f10x_gpio.o(.text)
    GPIO_AFIODeInit                          0x08001d85   Thumb Code    22  stm32f10x_gpio.o(.text)
    GPIO_Init                                0x08001d9b   Thumb Code   156  stm32f10x_gpio.o(.text)
    GPIO_StructInit                          0x08001e37   Thumb Code    16  stm32f10x_gpio.o(.text)
    GPIO_ReadInputDataBit                    0x08001e47   Thumb Code    14  stm32f10x_gpio.o(.text)
    GPIO_ReadInputData                       0x08001e55   Thumb Code     6  stm32f10x_gpio.o(.text)
    GPIO_ReadOutputDataBit                   0x08001e5b   Thumb Code    14  stm32f10x_gpio.o(.text)
    GPIO_ReadOutputData                      0x08001e69   Thumb Code     6  stm32f10x_gpio.o(.text)
    GPIO_SetBits                             0x08001e6f   Thumb Code     4  stm32f10x_gpio.o(.text)
    GPIO_ResetBits                           0x08001e73   Thumb Code     4  stm32f10x_gpio.o(.text)
    GPIO_WriteBit                            0x08001e77   Thumb Code    10  stm32f10x_gpio.o(.text)
    GPIO_Write                               0x08001e81   Thumb Code     4  stm32f10x_gpio.o(.text)
    GPIO_PinLockConfig                       0x08001e85   Thumb Code    16  stm32f10x_gpio.o(.text)
    GPIO_EventOutputConfig                   0x08001e95   Thumb Code    22  stm32f10x_gpio.o(.text)
    GPIO_EventOutputCmd                      0x08001eab   Thumb Code     6  stm32f10x_gpio.o(.text)
    GPIO_PinRemapConfig                      0x08001eb1   Thumb Code    82  stm32f10x_gpio.o(.text)
    GPIO_EXTILineConfig                      0x08001f03   Thumb Code    34  stm32f10x_gpio.o(.text)
    GPIO_ETH_MediaInterfaceConfig            0x08001f25   Thumb Code     8  stm32f10x_gpio.o(.text)
    USART_DeInit                             0x08001f51   Thumb Code    96  stm32f10x_usart.o(.text)
    USART_Init                               0x08001fb1   Thumb Code   166  stm32f10x_usart.o(.text)
    USART_StructInit                         0x08002057   Thumb Code    22  stm32f10x_usart.o(.text)
    USART_ClockInit                          0x0800206d   Thumb Code    30  stm32f10x_usart.o(.text)
    USART_ClockStructInit                    0x0800208b   Thumb Code    12  stm32f10x_usart.o(.text)
    USART_Cmd                                0x08002097   Thumb Code    20  stm32f10x_usart.o(.text)
    USART_ITConfig                           0x080020ab   Thumb Code    48  stm32f10x_usart.o(.text)
    USART_DMACmd                             0x080020db   Thumb Code    16  stm32f10x_usart.o(.text)
    USART_SetAddress                         0x080020eb   Thumb Code    16  stm32f10x_usart.o(.text)
    USART_WakeUpConfig                       0x080020fb   Thumb Code    16  stm32f10x_usart.o(.text)
    USART_ReceiverWakeUpCmd                  0x0800210b   Thumb Code    20  stm32f10x_usart.o(.text)
    USART_LINBreakDetectLengthConfig         0x0800211f   Thumb Code    16  stm32f10x_usart.o(.text)
    USART_LINCmd                             0x0800212f   Thumb Code    20  stm32f10x_usart.o(.text)
    USART_SendData                           0x08002143   Thumb Code     8  stm32f10x_usart.o(.text)
    USART_ReceiveData                        0x0800214b   Thumb Code     8  stm32f10x_usart.o(.text)
    USART_SendBreak                          0x08002153   Thumb Code    10  stm32f10x_usart.o(.text)
    USART_SetGuardTime                       0x0800215d   Thumb Code    16  stm32f10x_usart.o(.text)
    USART_SetPrescaler                       0x0800216d   Thumb Code    16  stm32f10x_usart.o(.text)
    USART_SmartCardCmd                       0x0800217d   Thumb Code    20  stm32f10x_usart.o(.text)
    USART_SmartCardNACKCmd                   0x08002191   Thumb Code    20  stm32f10x_usart.o(.text)
    USART_HalfDuplexCmd                      0x080021a5   Thumb Code    20  stm32f10x_usart.o(.text)
    USART_OverSampling8Cmd                   0x080021b9   Thumb Code    20  stm32f10x_usart.o(.text)
    USART_OneBitMethodCmd                    0x080021cd   Thumb Code    20  stm32f10x_usart.o(.text)
    USART_IrDAConfig                         0x080021e1   Thumb Code    16  stm32f10x_usart.o(.text)
    USART_IrDACmd                            0x080021f1   Thumb Code    20  stm32f10x_usart.o(.text)
    USART_GetFlagStatus                      0x08002205   Thumb Code    14  stm32f10x_usart.o(.text)
    USART_ClearFlag                          0x08002213   Thumb Code     6  stm32f10x_usart.o(.text)
    USART_GetITStatus                        0x08002219   Thumb Code    62  stm32f10x_usart.o(.text)
    USART_ClearITPendingBit                  0x08002257   Thumb Code    12  stm32f10x_usart.o(.text)
    RCC_DeInit                               0x08002279   Thumb Code    50  stm32f10x_rcc.o(.text)
    RCC_HSEConfig                            0x080022ab   Thumb Code    48  stm32f10x_rcc.o(.text)
    RCC_GetFlagStatus                        0x080022db   Thumb Code    42  stm32f10x_rcc.o(.text)
    RCC_WaitForHSEStartUp                    0x08002305   Thumb Code    44  stm32f10x_rcc.o(.text)
    RCC_AdjustHSICalibrationValue            0x08002331   Thumb Code    16  stm32f10x_rcc.o(.text)
    RCC_HSICmd                               0x08002341   Thumb Code     6  stm32f10x_rcc.o(.text)
    RCC_PLLConfig                            0x08002347   Thumb Code    16  stm32f10x_rcc.o(.text)
    RCC_PLLCmd                               0x08002357   Thumb Code     6  stm32f10x_rcc.o(.text)
    RCC_SYSCLKConfig                         0x0800235d   Thumb Code    14  stm32f10x_rcc.o(.text)
    RCC_GetSYSCLKSource                      0x0800236b   Thumb Code    10  stm32f10x_rcc.o(.text)
    RCC_HCLKConfig                           0x08002375   Thumb Code    14  stm32f10x_rcc.o(.text)
    RCC_PCLK1Config                          0x08002383   Thumb Code    14  stm32f10x_rcc.o(.text)
    RCC_PCLK2Config                          0x08002391   Thumb Code    16  stm32f10x_rcc.o(.text)
    RCC_ITConfig                             0x080023a1   Thumb Code    18  stm32f10x_rcc.o(.text)
    RCC_USBCLKConfig                         0x080023b3   Thumb Code     8  stm32f10x_rcc.o(.text)
    RCC_ADCCLKConfig                         0x080023bb   Thumb Code    14  stm32f10x_rcc.o(.text)
    RCC_LSEConfig                            0x080023c9   Thumb Code    28  stm32f10x_rcc.o(.text)
    RCC_LSICmd                               0x080023e5   Thumb Code     6  stm32f10x_rcc.o(.text)
    RCC_RTCCLKConfig                         0x080023eb   Thumb Code    10  stm32f10x_rcc.o(.text)
    RCC_RTCCLKCmd                            0x080023f5   Thumb Code     8  stm32f10x_rcc.o(.text)
    RCC_GetClocksFreq                        0x080023fd   Thumb Code   132  stm32f10x_rcc.o(.text)
    RCC_AHBPeriphClockCmd                    0x08002481   Thumb Code    18  stm32f10x_rcc.o(.text)
    RCC_APB2PeriphClockCmd                   0x08002493   Thumb Code    18  stm32f10x_rcc.o(.text)
    RCC_APB1PeriphClockCmd                   0x080024a5   Thumb Code    18  stm32f10x_rcc.o(.text)
    RCC_APB2PeriphResetCmd                   0x080024b7   Thumb Code    18  stm32f10x_rcc.o(.text)
    RCC_APB1PeriphResetCmd                   0x080024c9   Thumb Code    18  stm32f10x_rcc.o(.text)
    RCC_BackupResetCmd                       0x080024db   Thumb Code     8  stm32f10x_rcc.o(.text)
    RCC_ClockSecuritySystemCmd               0x080024e3   Thumb Code     6  stm32f10x_rcc.o(.text)
    RCC_MCOConfig                            0x080024e9   Thumb Code     6  stm32f10x_rcc.o(.text)
    RCC_ClearFlag                            0x080024ef   Thumb Code    12  stm32f10x_rcc.o(.text)
    RCC_GetITStatus                          0x080024fb   Thumb Code    16  stm32f10x_rcc.o(.text)
    RCC_ClearITPendingBit                    0x0800250b   Thumb Code     6  stm32f10x_rcc.o(.text)
    EXTI_DeInit                              0x08002531   Thumb Code    28  stm32f10x_exti.o(.text)
    EXTI_Init                                0x0800254d   Thumb Code   108  stm32f10x_exti.o(.text)
    EXTI_StructInit                          0x080025b9   Thumb Code    14  stm32f10x_exti.o(.text)
    EXTI_GenerateSWInterrupt                 0x080025c7   Thumb Code    12  stm32f10x_exti.o(.text)
    EXTI_GetFlagStatus                       0x080025d3   Thumb Code    18  stm32f10x_exti.o(.text)
    EXTI_ClearFlag                           0x080025e5   Thumb Code     8  stm32f10x_exti.o(.text)
    EXTI_GetITStatus                         0x080025ed   Thumb Code    28  stm32f10x_exti.o(.text)
    EXTI_ClearITPendingBit                   0x08002609   Thumb Code     8  stm32f10x_exti.o(.text)
    TIM_DeInit                               0x08002619   Thumb Code   304  stm32f10x_tim.o(.text)
    TIM_TimeBaseInit                         0x08002749   Thumb Code   114  stm32f10x_tim.o(.text)
    TIM_OC1Init                              0x080027bb   Thumb Code   106  stm32f10x_tim.o(.text)
    TIM_OC2Init                              0x08002825   Thumb Code   120  stm32f10x_tim.o(.text)
    TIM_OC3Init                              0x0800289d   Thumb Code   116  stm32f10x_tim.o(.text)
    TIM_OC4Init                              0x08002911   Thumb Code    90  stm32f10x_tim.o(.text)
    TIM_SetIC4Prescaler                      0x0800296b   Thumb Code    24  stm32f10x_tim.o(.text)
    TIM_SetIC3Prescaler                      0x08002983   Thumb Code    16  stm32f10x_tim.o(.text)
    TIM_SetIC2Prescaler                      0x08002993   Thumb Code    24  stm32f10x_tim.o(.text)
    TIM_SetIC1Prescaler                      0x08002a51   Thumb Code    16  stm32f10x_tim.o(.text)
    TIM_ICInit                               0x08002ab9   Thumb Code   270  stm32f10x_tim.o(.text)
    TIM_PWMIConfig                           0x08002bc7   Thumb Code   104  stm32f10x_tim.o(.text)
    TIM_BDTRConfig                           0x08002c2f   Thumb Code    34  stm32f10x_tim.o(.text)
    TIM_TimeBaseStructInit                   0x08002c51   Thumb Code    18  stm32f10x_tim.o(.text)
    TIM_OCStructInit                         0x08002c63   Thumb Code    20  stm32f10x_tim.o(.text)
    TIM_ICStructInit                         0x08002c77   Thumb Code    16  stm32f10x_tim.o(.text)
    TIM_BDTRStructInit                       0x08002c87   Thumb Code    18  stm32f10x_tim.o(.text)
    TIM_Cmd                                  0x08002c99   Thumb Code    20  stm32f10x_tim.o(.text)
    TIM_CtrlPWMOutputs                       0x08002cad   Thumb Code    22  stm32f10x_tim.o(.text)
    TIM_ITConfig                             0x08002cc3   Thumb Code    16  stm32f10x_tim.o(.text)
    TIM_GenerateEvent                        0x08002cd3   Thumb Code     4  stm32f10x_tim.o(.text)
    TIM_DMAConfig                            0x08002cd7   Thumb Code     8  stm32f10x_tim.o(.text)
    TIM_DMACmd                               0x08002cdf   Thumb Code    16  stm32f10x_tim.o(.text)
    TIM_InternalClockConfig                  0x08002cef   Thumb Code    10  stm32f10x_tim.o(.text)
    TIM_SelectInputTrigger                   0x08002cf9   Thumb Code    12  stm32f10x_tim.o(.text)
    TIM_ITRxExternalClockConfig              0x08002d05   Thumb Code    18  stm32f10x_tim.o(.text)
    TIM_TIxExternalClockConfig               0x08002d17   Thumb Code    46  stm32f10x_tim.o(.text)
    TIM_ETRConfig                            0x08002d45   Thumb Code    24  stm32f10x_tim.o(.text)
    TIM_ETRClockMode1Config                  0x08002d5d   Thumb Code    18  stm32f10x_tim.o(.text)
    TIM_ETRClockMode2Config                  0x08002d6f   Thumb Code    18  stm32f10x_tim.o(.text)
    TIM_PrescalerConfig                      0x08002d81   Thumb Code     6  stm32f10x_tim.o(.text)
    TIM_CounterModeConfig                    0x08002d87   Thumb Code    12  stm32f10x_tim.o(.text)
    TIM_EncoderInterfaceConfig               0x08002d93   Thumb Code    50  stm32f10x_tim.o(.text)
    TIM_ForcedOC1Config                      0x08002dc5   Thumb Code    12  stm32f10x_tim.o(.text)
    TIM_ForcedOC2Config                      0x08002dd1   Thumb Code    20  stm32f10x_tim.o(.text)
    TIM_ForcedOC3Config                      0x08002de5   Thumb Code    12  stm32f10x_tim.o(.text)
    TIM_ForcedOC4Config                      0x08002df1   Thumb Code    20  stm32f10x_tim.o(.text)
    TIM_ARRPreloadConfig                     0x08002e05   Thumb Code    20  stm32f10x_tim.o(.text)
    TIM_SelectCOM                            0x08002e19   Thumb Code    20  stm32f10x_tim.o(.text)
    TIM_SelectCCDMA                          0x08002e2d   Thumb Code    20  stm32f10x_tim.o(.text)
    TIM_CCPreloadControl                     0x08002e41   Thumb Code    20  stm32f10x_tim.o(.text)
    TIM_OC1PreloadConfig                     0x08002e55   Thumb Code    32  stm32f10x_tim.o(.text)
    TIM_OC2PreloadConfig                     0x08002e75   Thumb Code    20  stm32f10x_tim.o(.text)
    TIM_OC3PreloadConfig                     0x08002e89   Thumb Code    12  stm32f10x_tim.o(.text)
    TIM_OC4PreloadConfig                     0x08002e95   Thumb Code    20  stm32f10x_tim.o(.text)
    TIM_OC1FastConfig                        0x08002ea9   Thumb Code    12  stm32f10x_tim.o(.text)
    TIM_OC2FastConfig                        0x08002eb5   Thumb Code    20  stm32f10x_tim.o(.text)
    TIM_OC3FastConfig                        0x08002ec9   Thumb Code    12  stm32f10x_tim.o(.text)
    TIM_OC4FastConfig                        0x08002ed5   Thumb Code    20  stm32f10x_tim.o(.text)
    TIM_ClearOC1Ref                          0x08002ee9   Thumb Code    12  stm32f10x_tim.o(.text)
    TIM_ClearOC2Ref                          0x08002ef5   Thumb Code    20  stm32f10x_tim.o(.text)
    TIM_ClearOC3Ref                          0x08002f09   Thumb Code    12  stm32f10x_tim.o(.text)
    TIM_ClearOC4Ref                          0x08002f15   Thumb Code    20  stm32f10x_tim.o(.text)
    TIM_OC1PolarityConfig                    0x08002f29   Thumb Code    12  stm32f10x_tim.o(.text)
    TIM_OC1NPolarityConfig                   0x08002f35   Thumb Code    12  stm32f10x_tim.o(.text)
    TIM_OC2PolarityConfig                    0x08002f41   Thumb Code    20  stm32f10x_tim.o(.text)
    TIM_OC2NPolarityConfig                   0x08002f55   Thumb Code    20  stm32f10x_tim.o(.text)
    TIM_OC3PolarityConfig                    0x08002f69   Thumb Code    20  stm32f10x_tim.o(.text)
    TIM_OC3NPolarityConfig                   0x08002f7d   Thumb Code    20  stm32f10x_tim.o(.text)
    TIM_OC4PolarityConfig                    0x08002f91   Thumb Code    20  stm32f10x_tim.o(.text)
    TIM_CCxCmd                               0x08002fa5   Thumb Code    22  stm32f10x_tim.o(.text)
    TIM_CCxNCmd                              0x08002fbb   Thumb Code    22  stm32f10x_tim.o(.text)
    TIM_SelectOCxM                           0x08002fd1   Thumb Code    70  stm32f10x_tim.o(.text)
    TIM_UpdateDisableConfig                  0x08003017   Thumb Code    20  stm32f10x_tim.o(.text)
    TIM_UpdateRequestConfig                  0x0800302b   Thumb Code    20  stm32f10x_tim.o(.text)
    TIM_SelectHallSensor                     0x0800303f   Thumb Code    20  stm32f10x_tim.o(.text)
    TIM_SelectOnePulseMode                   0x08003053   Thumb Code    16  stm32f10x_tim.o(.text)
    TIM_SelectOutputTrigger                  0x08003063   Thumb Code    16  stm32f10x_tim.o(.text)
    TIM_SelectSlaveMode                      0x08003073   Thumb Code    16  stm32f10x_tim.o(.text)
    TIM_SelectMasterSlaveMode                0x08003083   Thumb Code    16  stm32f10x_tim.o(.text)
    TIM_SetCounter                           0x08003093   Thumb Code     4  stm32f10x_tim.o(.text)
    TIM_SetAutoreload                        0x08003097   Thumb Code     4  stm32f10x_tim.o(.text)
    TIM_SetCompare1                          0x0800309b   Thumb Code     4  stm32f10x_tim.o(.text)
    TIM_SetCompare2                          0x0800309f   Thumb Code     4  stm32f10x_tim.o(.text)
    TIM_SetCompare3                          0x080030a3   Thumb Code     4  stm32f10x_tim.o(.text)
    TIM_SetCompare4                          0x080030a7   Thumb Code     6  stm32f10x_tim.o(.text)
    TIM_SetClockDivision                     0x080030ad   Thumb Code    16  stm32f10x_tim.o(.text)
    TIM_GetCapture1                          0x080030bd   Thumb Code     4  stm32f10x_tim.o(.text)
    TIM_GetCapture2                          0x080030c1   Thumb Code     4  stm32f10x_tim.o(.text)
    TIM_GetCapture3                          0x080030c5   Thumb Code     4  stm32f10x_tim.o(.text)
    TIM_GetCapture4                          0x080030c9   Thumb Code     6  stm32f10x_tim.o(.text)
    TIM_GetCounter                           0x080030cf   Thumb Code     4  stm32f10x_tim.o(.text)
    TIM_GetPrescaler                         0x080030d3   Thumb Code     4  stm32f10x_tim.o(.text)
    TIM_GetFlagStatus                        0x080030d7   Thumb Code    14  stm32f10x_tim.o(.text)
    TIM_ClearFlag                            0x080030e5   Thumb Code     6  stm32f10x_tim.o(.text)
    TIM_GetITStatus                          0x080030eb   Thumb Code    24  stm32f10x_tim.o(.text)
    TIM_ClearITPendingBit                    0x08003103   Thumb Code     6  stm32f10x_tim.o(.text)
    IWDG_WriteAccessCmd                      0x08003109   Thumb Code     6  stm32f10x_iwdg.o(.text)
    IWDG_SetPrescaler                        0x0800310f   Thumb Code     6  stm32f10x_iwdg.o(.text)
    IWDG_SetReload                           0x08003115   Thumb Code     6  stm32f10x_iwdg.o(.text)
    IWDG_ReloadCounter                       0x0800311b   Thumb Code    10  stm32f10x_iwdg.o(.text)
    IWDG_Enable                              0x08003125   Thumb Code    10  stm32f10x_iwdg.o(.text)
    IWDG_GetFlagStatus                       0x0800312f   Thumb Code    16  stm32f10x_iwdg.o(.text)
    pxPortInitialiseStack                    0x08003169   Thumb Code    32  port.o(.text)
    vPortSetupTimerInterrupt                 0x08003189   Thumb Code    26  port.o(.text)
    xPortStartScheduler                      0x080031a3   Thumb Code   108  port.o(.text)
    vPortEndScheduler                        0x0800320f   Thumb Code    28  port.o(.text)
    vPortEnterCritical                       0x0800322b   Thumb Code    56  port.o(.text)
    vPortExitCritical                        0x08003263   Thumb Code    34  port.o(.text)
    SysTick_Handler                          0x08003285   Thumb Code    40  port.o(.text)
    vPortValidateInterruptPriority           0x080032ad   Thumb Code    76  port.o(.text)
    pvPortMalloc                             0x08003355   Thumb Code   210  heap_4.o(.text)
    vPortFree                                0x08003427   Thumb Code    90  heap_4.o(.text)
    xPortGetFreeHeapSize                     0x08003481   Thumb Code     8  heap_4.o(.text)
    xPortGetMinimumEverFreeHeapSize          0x08003489   Thumb Code     8  heap_4.o(.text)
    vPortInitialiseBlocks                    0x08003491   Thumb Code     2  heap_4.o(.text)
    xTaskCreate                              0x080035a1   Thumb Code    86  tasks.o(.text)
    vTaskDelete                              0x080035f7   Thumb Code   158  tasks.o(.text)
    xTaskIncrementTick                       0x08003695   Thumb Code   190  tasks.o(.text)
    xTaskResumeAll                           0x08003753   Thumb Code   184  tasks.o(.text)
    vTaskSuspendAll                          0x08003871   Thumb Code    10  tasks.o(.text)
    vTaskDelay                               0x0800387b   Thumb Code    66  tasks.o(.text)
    eTaskGetState                            0x080038bd   Thumb Code   108  tasks.o(.text)
    uxTaskPriorityGet                        0x08003929   Thumb Code    24  tasks.o(.text)
    uxTaskPriorityGetFromISR                 0x08003941   Thumb Code    40  tasks.o(.text)
    vTaskPrioritySet                         0x08003969   Thumb Code   184  tasks.o(.text)
    vTaskSwitchContext                       0x08003a21   Thumb Code    84  tasks.o(.text)
    vTaskSuspend                             0x08003a75   Thumb Code   158  tasks.o(.text)
    vTaskResume                              0x08003b43   Thumb Code   114  tasks.o(.text)
    xTaskResumeFromISR                       0x08003bb5   Thumb Code   128  tasks.o(.text)
    vTaskStartScheduler                      0x08003c55   Thumb Code    86  tasks.o(.text)
    vTaskEndScheduler                        0x08003cab   Thumb Code    24  tasks.o(.text)
    xTaskGetTickCount                        0x08003cc3   Thumb Code     6  tasks.o(.text)
    xTaskGetTickCountFromISR                 0x08003cc9   Thumb Code    12  tasks.o(.text)
    uxTaskGetNumberOfTasks                   0x08003cd5   Thumb Code     6  tasks.o(.text)
    pcTaskGetName                            0x08003cdb   Thumb Code    54  tasks.o(.text)
    vTaskGetInfo                             0x08003d11   Thumb Code   126  tasks.o(.text)
    uxTaskGetSystemState                     0x08003de3   Thumb Code   158  tasks.o(.text)
    vTaskPlaceOnEventList                    0x08003e81   Thumb Code    42  tasks.o(.text)
    vTaskPlaceOnUnorderedEventList           0x08003eab   Thumb Code    70  tasks.o(.text)
    xTaskRemoveFromEventList                 0x08003ef1   Thumb Code   106  tasks.o(.text)
    xTaskRemoveFromUnorderedEventList        0x08003f5b   Thumb Code   110  tasks.o(.text)
    vTaskSetTimeOutState                     0x08003fc9   Thumb Code    30  tasks.o(.text)
    xTaskCheckForTimeOut                     0x08003fe7   Thumb Code   102  tasks.o(.text)
    vTaskMissedYield                         0x0800404d   Thumb Code     8  tasks.o(.text)
    uxTaskGetTaskNumber                      0x08004055   Thumb Code     8  tasks.o(.text)
    vTaskSetTaskNumber                       0x0800405d   Thumb Code     8  tasks.o(.text)
    xTaskGetCurrentTaskHandle                0x08004065   Thumb Code     6  tasks.o(.text)
    xTaskGetSchedulerState                   0x0800406b   Thumb Code    22  tasks.o(.text)
    vTaskPriorityInherit                     0x08004081   Thumb Code   124  tasks.o(.text)
    xTaskPriorityDisinherit                  0x080040fd   Thumb Code   154  tasks.o(.text)
    uxTaskResetEventItemValue                0x08004197   Thumb Code    20  tasks.o(.text)
    pvTaskIncrementMutexHeldCount            0x080041ab   Thumb Code    18  tasks.o(.text)
    ulTaskNotifyTake                         0x080041bd   Thumb Code    96  tasks.o(.text)
    xTaskNotifyWait                          0x0800421d   Thumb Code   128  tasks.o(.text)
    xTaskGenericNotify                       0x0800429d   Thumb Code   188  tasks.o(.text)
    xTaskGenericNotifyFromISR                0x08004359   Thumb Code   228  tasks.o(.text)
    vTaskNotifyGiveFromISR                   0x0800443d   Thumb Code   172  tasks.o(.text)
    xTaskNotifyStateClear                    0x080044e9   Thumb Code    44  tasks.o(.text)
    vListInitialise                          0x0800463d   Thumb Code    22  list.o(.text)
    vListInitialiseItem                      0x08004653   Thumb Code     6  list.o(.text)
    vListInsertEnd                           0x08004659   Thumb Code    24  list.o(.text)
    vListInsert                              0x08004671   Thumb Code    48  list.o(.text)
    uxListRemove                             0x080046a1   Thumb Code    36  list.o(.text)
    NotifyReset                              0x080046c5   Thumb Code     4  cmd_process.o(.text)
    NotifyTimer                              0x080046c9   Thumb Code    12  cmd_process.o(.text)
    NotifySelector                           0x080046d5   Thumb Code     2  cmd_process.o(.text)
    NotifyMenu                               0x080046d7   Thumb Code    62  cmd_process.o(.text)
    NotifyMeter                              0x08004715   Thumb Code     2  cmd_process.o(.text)
    NotifySlider                             0x08004717   Thumb Code     2  cmd_process.o(.text)
    NotifyProgress                           0x08004719   Thumb Code     2  cmd_process.o(.text)
    NotifyText                               0x0800471b   Thumb Code    66  cmd_process.o(.text)
    NotifyButton                             0x0800475d   Thumb Code   136  cmd_process.o(.text)
    NotifyScreen                             0x080047e5   Thumb Code     2  cmd_process.o(.text)
    NotifyWriteFlash                         0x080047e7   Thumb Code     2  cmd_process.o(.text)
    ProcessMessage                           0x080047e9   Thumb Code   158  cmd_process.o(.text)
    SetTextValueInt32                        0x08004887   Thumb Code    34  cmd_process.o(.text)
    StringToInt32                            0x080048a9   Thumb Code    18  cmd_process.o(.text)
    SetTextValueFloat                        0x080048bb   Thumb Code    44  cmd_process.o(.text)
    StringToFloat                            0x080048e7   Thumb Code    18  cmd_process.o(.text)
    NotifyTouchXY                            0x080048f9   Thumb Code     2  cmd_process.o(.text)
    NotifyReadFlash                          0x080048fb   Thumb Code     2  cmd_process.o(.text)
    NotifyReadRTC                            0x080048fd   Thumb Code     2  cmd_process.o(.text)
    queue_reset                              0x080049a5   Thumb Code    16  cmd_queue.o(.text)
    queue_push                               0x080049b5   Thumb Code    34  cmd_queue.o(.text)
    queue_pop                                0x080049d7   Thumb Code    34  cmd_queue.o(.text)
    queue_find_cmd                           0x080049f9   Thumb Code   116  cmd_queue.o(.text)
    DelayMS                                  0x08004a75   Thumb Code    22  hmi_driver.o(.text)
    SendStrings                              0x08004a8b   Thumb Code    20  hmi_driver.o(.text)
    SendNU8                                  0x08004a9f   Thumb Code    26  hmi_driver.o(.text)
    SendNU16                                 0x08004ab9   Thumb Code    38  hmi_driver.o(.text)
    SetHandShake                             0x08004adf   Thumb Code    42  hmi_driver.o(.text)
    SetFcolor                                0x08004b09   Thumb Code    56  hmi_driver.o(.text)
    SetBcolor                                0x08004b41   Thumb Code    56  hmi_driver.o(.text)
    ColorPicker                              0x08004b79   Thumb Code    78  hmi_driver.o(.text)
    GUI_CleanScreen                          0x08004bc7   Thumb Code    42  hmi_driver.o(.text)
    SetTextSpace                             0x08004bf1   Thumb Code    58  hmi_driver.o(.text)
    SetFont_Region                           0x08004c2b   Thumb Code    78  hmi_driver.o(.text)
    SetFilterColor                           0x08004c79   Thumb Code    70  hmi_driver.o(.text)
    DisText                                  0x08004cbf   Thumb Code    96  hmi_driver.o(.text)
    DisCursor                                0x08004d1f   Thumb Code    96  hmi_driver.o(.text)
    DisFull_Image                            0x08004d7f   Thumb Code    64  hmi_driver.o(.text)
    DisArea_Image                            0x08004dbf   Thumb Code    94  hmi_driver.o(.text)
    DisCut_Image                             0x08004e1d   Thumb Code   162  hmi_driver.o(.text)
    DisFlashImage                            0x08004ebf   Thumb Code   102  hmi_driver.o(.text)
    GUI_Dot                                  0x08004f25   Thumb Code    70  hmi_driver.o(.text)
    GUI_Line                                 0x08004f6b   Thumb Code   100  hmi_driver.o(.text)
    GUI_ConDots                              0x08004fcf   Thumb Code    68  hmi_driver.o(.text)
    GUI_ConSpaceDots                         0x08005013   Thumb Code    84  hmi_driver.o(.text)
    GUI_FcolorConOffsetDots                  0x08005067   Thumb Code    84  hmi_driver.o(.text)
    GUI_BcolorConOffsetDots                  0x080050bb   Thumb Code    84  hmi_driver.o(.text)
    SetPowerSaving                           0x0800510f   Thumb Code    76  hmi_driver.o(.text)
    GUI_FcolorConDots                        0x0800515b   Thumb Code    60  hmi_driver.o(.text)
    GUI_BcolorConDots                        0x08005197   Thumb Code    60  hmi_driver.o(.text)
    GUI_Circle                               0x080051d3   Thumb Code    84  hmi_driver.o(.text)
    GUI_CircleFill                           0x08005227   Thumb Code    84  hmi_driver.o(.text)
    GUI_Arc                                  0x0800527b   Thumb Code   120  hmi_driver.o(.text)
    GUI_Rectangle                            0x080052f3   Thumb Code   100  hmi_driver.o(.text)
    GUI_RectangleFill                        0x08005357   Thumb Code   100  hmi_driver.o(.text)
    GUI_Ellipse                              0x080053bb   Thumb Code   100  hmi_driver.o(.text)
    GUI_EllipseFill                          0x0800541f   Thumb Code   100  hmi_driver.o(.text)
    SetBackLight                             0x08005483   Thumb Code    50  hmi_driver.o(.text)
    SetBuzzer                                0x080054b5   Thumb Code    50  hmi_driver.o(.text)
    GUI_AreaInycolor                         0x080054e7   Thumb Code   100  hmi_driver.o(.text)
    SetTouchPaneOption                       0x0800554b   Thumb Code    76  hmi_driver.o(.text)
    CalibrateTouchPane                       0x08005597   Thumb Code    42  hmi_driver.o(.text)
    TestTouchPane                            0x080055c1   Thumb Code    42  hmi_driver.o(.text)
    LockDeviceConfig                         0x080055eb   Thumb Code    66  hmi_driver.o(.text)
    UnlockDeviceConfig                       0x0800562d   Thumb Code    66  hmi_driver.o(.text)
    SetCommBps                               0x0800566f   Thumb Code    50  hmi_driver.o(.text)
    WriteLayer                               0x080056a1   Thumb Code    50  hmi_driver.o(.text)
    DisplyLayer                              0x080056d3   Thumb Code    50  hmi_driver.o(.text)
    CopyLayer                                0x08005705   Thumb Code    58  hmi_driver.o(.text)
    ClearLayer                               0x0800573f   Thumb Code    50  hmi_driver.o(.text)
    GUI_DispRTC                              0x08005771   Thumb Code   110  hmi_driver.o(.text)
    WriteUserFlash                           0x080057df   Thumb Code    84  hmi_driver.o(.text)
    ReadUserFlash                            0x08005833   Thumb Code    86  hmi_driver.o(.text)
    GetScreen                                0x08005889   Thumb Code    48  hmi_driver.o(.text)
    SetScreen                                0x080058b9   Thumb Code    62  hmi_driver.o(.text)
    SetScreenUpdateEnable                    0x080058f7   Thumb Code    50  hmi_driver.o(.text)
    SetControlFocus                          0x08005929   Thumb Code    84  hmi_driver.o(.text)
    SetControlVisiable                       0x0800597d   Thumb Code    84  hmi_driver.o(.text)
    SetControlEnable                         0x080059d1   Thumb Code    84  hmi_driver.o(.text)
    SetButtonValue                           0x08005a25   Thumb Code    84  hmi_driver.o(.text)
    SetTextValue                             0x08005a79   Thumb Code    84  hmi_driver.o(.text)
    SetTextInt32                             0x08005acd   Thumb Code   138  hmi_driver.o(.text)
    SetTextFloat                             0x08005b57   Thumb Code   128  hmi_driver.o(.text)
    SetProgressValue                         0x08005bd7   Thumb Code   106  hmi_driver.o(.text)
    SetMeterValue                            0x08005c41   Thumb Code   106  hmi_driver.o(.text)
    SetSliderValue                           0x08005cab   Thumb Code   106  hmi_driver.o(.text)
    SetSelectorValue                         0x08005d15   Thumb Code    84  hmi_driver.o(.text)
    GetControlValue                          0x08005d69   Thumb Code    76  hmi_driver.o(.text)
    AnimationStart                           0x08005db5   Thumb Code    76  hmi_driver.o(.text)
    AnimationStop                            0x08005e01   Thumb Code    76  hmi_driver.o(.text)
    AnimationPause                           0x08005e4d   Thumb Code    76  hmi_driver.o(.text)
    AnimationPlayFrame                       0x08005e99   Thumb Code    84  hmi_driver.o(.text)
    AnimationPlayPrev                        0x08005eed   Thumb Code    76  hmi_driver.o(.text)
    AnimationPlayNext                        0x08005f39   Thumb Code    76  hmi_driver.o(.text)
    GraphChannelAdd                          0x08005f85   Thumb Code   100  hmi_driver.o(.text)
    GraphChannelDel                          0x08005fe9   Thumb Code    84  hmi_driver.o(.text)
    GraphChannelDataAdd                      0x0800603d   Thumb Code   110  hmi_driver.o(.text)
    GraphChannelDataClear                    0x080060ab   Thumb Code    84  hmi_driver.o(.text)
    GraphSetViewport                         0x080060ff   Thumb Code   144  hmi_driver.o(.text)
    BatchBegin                               0x0800618f   Thumb Code    38  hmi_driver.o(.text)
    BatchSetButtonValue                      0x080061b5   Thumb Code    40  hmi_driver.o(.text)
    BatchSetProgressValue                    0x080061dd   Thumb Code    62  hmi_driver.o(.text)
    BatchSetSliderValue                      0x0800621b   Thumb Code    62  hmi_driver.o(.text)
    BatchSetMeterValue                       0x08006259   Thumb Code    62  hmi_driver.o(.text)
    GetStringLen                             0x08006297   Thumb Code    16  hmi_driver.o(.text)
    BatchSetText                             0x080062a7   Thumb Code    54  hmi_driver.o(.text)
    BatchSetFrame                            0x080062dd   Thumb Code    46  hmi_driver.o(.text)
    BatchSetVisible                          0x0800630b   Thumb Code    34  hmi_driver.o(.text)
    BatchSetEnable                           0x0800632d   Thumb Code    34  hmi_driver.o(.text)
    BatchEnd                                 0x0800634f   Thumb Code    30  hmi_driver.o(.text)
    SeTimer                                  0x0800636d   Thumb Code   106  hmi_driver.o(.text)
    StartTimer                               0x080063d7   Thumb Code    76  hmi_driver.o(.text)
    StopTimer                                0x08006423   Thumb Code    76  hmi_driver.o(.text)
    PauseTimer                               0x0800646f   Thumb Code    76  hmi_driver.o(.text)
    SetControlBackColor                      0x080064bb   Thumb Code    90  hmi_driver.o(.text)
    SetControlForeColor                      0x08006515   Thumb Code    90  hmi_driver.o(.text)
    ShowPopupMenu                            0x0800656f   Thumb Code   100  hmi_driver.o(.text)
    ShowKeyboard                             0x080065d3   Thumb Code   104  hmi_driver.o(.text)
    SetLanguage                              0x0800663b   Thumb Code    64  hmi_driver.o(.text)
    FlashBeginSaveControl                    0x0800667b   Thumb Code    84  hmi_driver.o(.text)
    FlashSaveControl                         0x080066cf   Thumb Code    34  hmi_driver.o(.text)
    FlashEndSaveControl                      0x080066f1   Thumb Code    30  hmi_driver.o(.text)
    FlashRestoreControl                      0x0800670f   Thumb Code   108  hmi_driver.o(.text)
    UartInit                                 0x0800677d   Thumb Code   138  hmi_user_uart.o(.text)
    SendChar                                 0x08006807   Thumb Code    38  hmi_user_uart.o(.text)
    UART4_IRQHandler                         0x0800682d   Thumb Code    52  hmi_user_uart.o(.text)
    CalibrationTask                          0x08006869   Thumb Code   268  calibration.o(.text)
    initProjectMan                           0x080069d5   Thumb Code    70  managerment.o(.text)
    initProjectStruct                        0x08006a1b   Thumb Code   132  managerment.o(.text)
    initCaliPumpPara                         0x08006a9f   Thumb Code    18  managerment.o(.text)
    initUI                                   0x08006ab1   Thumb Code   412  managerment.o(.text)
    HomeTask                                 0x08006c4d   Thumb Code    60  managerment.o(.text)
    fillTube                                 0x08006d69   Thumb Code   654  project.o(.text)
    placePlate                               0x08006ff7   Thumb Code   172  project.o(.text)
    imbibition                               0x080070a3   Thumb Code   594  project.o(.text)
    hint                                     0x080072f5   Thumb Code   192  project.o(.text)
    adding                                   0x080073b5   Thumb Code   232  project.o(.text)
    incubation                               0x0800749d   Thumb Code   414  project.o(.text)
    execAction                               0x0800763b   Thumb Code     2  project.o(.text)
    ProjectTask                              0x0800763d   Thumb Code   720  project.o(.text)
    wasteFluidAbsorb                         0x0800793d   Thumb Code   168  purge.o(.text)
    PurgeTask                                0x080079e5   Thumb Code  1216  purge.o(.text)
    actionPageButtonProcess                  0x08007fa9   Thumb Code   166  actionpage.o(.text)
    actionPageEditProcess                    0x0800804f   Thumb Code   126  actionpage.o(.text)
    actionPageMenuProcess                    0x080080cd   Thumb Code   110  actionpage.o(.text)
    backflowPageButtonProcess                0x080081b9   Thumb Code   208  backflowpage.o(.text)
    caliPageButtonProcess                    0x080082c5   Thumb Code   118  calibrationpage.o(.text)
    caliPageEditProcess                      0x0800833b   Thumb Code    98  calibrationpage.o(.text)
    caliPageMenuProcess                      0x0800839d   Thumb Code    32  calibrationpage.o(.text)
    infoPageButtonProcess                    0x080084a5   Thumb Code    16  informationpage.o(.text)
    infoPageMenuProcess                      0x080084b5   Thumb Code    94  informationpage.o(.text)
    infoPageEditProcess                      0x08008513   Thumb Code    68  informationpage.o(.text)
    mainPageButtonProcess                    0x080085ad   Thumb Code   492  mainpage.o(.text)
    pausePageButtonProcess                   0x080087cd   Thumb Code   172  pausepage.o(.text)
    projectEditPageButtonProcess             0x08008905   Thumb Code   514  projecteditpage.o(.text)
    projectEditPageEditProcess               0x08008b07   Thumb Code   132  projecteditpage.o(.text)
    projectPageButtonProcess                 0x08008c6d   Thumb Code   300  projectpage.o(.text)
    projectPageEditProcess                   0x08008d99   Thumb Code    86  projectpage.o(.text)
    purgePageButtonProcess                   0x08008e51   Thumb Code   224  purgepage.o(.text)
    runningPageButtonProcess                 0x08008f95   Thumb Code    86  runningpage.o(.text)
    runningPageRTCTimeoutProcess             0x08008feb   Thumb Code    14  runningpage.o(.text)
    selectPumpPageButtonProcess              0x080090bd   Thumb Code   182  selectpumppage.o(.text)
    tips1PageButtonProcess                   0x08009195   Thumb Code    22  tips1page.o(.text)
    tips2PageButtonProcess                   0x080091cd   Thumb Code   140  tips2page.o(.text)
    __use_no_semihosting                     0x080092d1   Thumb Code     2  use_no_semi_2.o(.text)
    __2printf                                0x080092d5   Thumb Code    20  noretval__2printf.o(.text)
    __2sprintf                               0x080092ed   Thumb Code    34  noretval__2sprintf.o(.text)
    _printf_str                              0x08009315   Thumb Code    82  _printf_str.o(.text)
    _printf_int_dec                          0x08009369   Thumb Code   104  _printf_dec.o(.text)
    __printf                                 0x080093e1   Thumb Code   352  __printf_ss_wp.o(.text)
    __0sscanf                                0x08009541   Thumb Code    52  __0sscanf.o(.text)
    _scanf_int                               0x0800957d   Thumb Code   332  _scanf_int.o(.text)
    __aeabi_memcpy                           0x080096c9   Thumb Code     0  rt_memcpy_v6.o(.text)
    __rt_memcpy                              0x080096c9   Thumb Code   138  rt_memcpy_v6.o(.text)
    _memcpy_lastbytes                        0x0800972f   Thumb Code     0  rt_memcpy_v6.o(.text)
    __aeabi_memset                           0x08009753   Thumb Code    16  aeabi_memset.o(.text)
    __use_two_region_memory                  0x08009763   Thumb Code     2  heapauxi.o(.text)
    __rt_heap_escrow$2region                 0x08009765   Thumb Code     2  heapauxi.o(.text)
    __rt_heap_expand$2region                 0x08009767   Thumb Code     2  heapauxi.o(.text)
    __I$use$semihosting                      0x08009769   Thumb Code     0  use_no_semi.o(.text)
    __use_no_semihosting_swi                 0x08009769   Thumb Code     2  use_no_semi.o(.text)
    _printf_int_common                       0x0800976b   Thumb Code   178  _printf_intcommon.o(.text)
    __lib_sel_fp_printf                      0x0800981d   Thumb Code     2  _printf_fp_dec.o(.text)
    _printf_fp_dec_real                      0x080099cb   Thumb Code   620  _printf_fp_dec.o(.text)
    _printf_char_common                      0x08009c43   Thumb Code    32  _printf_char_common.o(.text)
    _sputc                                   0x08009c69   Thumb Code    10  _sputc.o(.text)
    _printf_cs_common                        0x08009c73   Thumb Code    20  _printf_char.o(.text)
    _printf_char                             0x08009c87   Thumb Code    16  _printf_char.o(.text)
    _printf_string                           0x08009c97   Thumb Code     8  _printf_char.o(.text)
    _printf_char_file                        0x08009ca1   Thumb Code    32  _printf_char_file.o(.text)
    _chval                                   0x08009cc5   Thumb Code    28  _chval.o(.text)
    _scanf_really_real                       0x08009edd   Thumb Code   668  scanf_fp.o(.text)
    __vfscanf_char                           0x0800a191   Thumb Code    24  scanf_char.o(.text)
    _sgetc                                   0x0800a1b1   Thumb Code    30  _sgetc.o(.text)
    _sbackspace                              0x0800a1cf   Thumb Code    34  _sgetc.o(.text)
    __aeabi_memcpy4                          0x0800a1f1   Thumb Code     0  rt_memcpy_w.o(.text)
    __aeabi_memcpy8                          0x0800a1f1   Thumb Code     0  rt_memcpy_w.o(.text)
    __rt_memcpy_w                            0x0800a1f1   Thumb Code   100  rt_memcpy_w.o(.text)
    _memcpy_lastbytes_aligned                0x0800a239   Thumb Code     0  rt_memcpy_w.o(.text)
    __aeabi_memclr                           0x0800a255   Thumb Code     0  rt_memclr.o(.text)
    __rt_memclr                              0x0800a255   Thumb Code    68  rt_memclr.o(.text)
    _memset                                  0x0800a259   Thumb Code     0  rt_memclr.o(.text)
    __rt_locale                              0x0800a299   Thumb Code     8  rt_locale_intlibspace.o(.text)
    __aeabi_errno_addr                       0x0800a2a1   Thumb Code     8  rt_errno_addr_intlibspace.o(.text)
    __errno$intlibspace                      0x0800a2a1   Thumb Code     0  rt_errno_addr_intlibspace.o(.text)
    __rt_errno_addr$intlibspace              0x0800a2a1   Thumb Code     0  rt_errno_addr_intlibspace.o(.text)
    _ll_udiv10                               0x0800a2a9   Thumb Code   138  lludiv10.o(.text)
    isspace                                  0x0800a333   Thumb Code    18  isspace.o(.text)
    _printf_fp_infnan                        0x0800a345   Thumb Code   112  _printf_fp_infnan.o(.text)
    __vfscanf                                0x0800a3c5   Thumb Code   878  _scanf.o(.text)
    _btod_etento                             0x0800a739   Thumb Code   216  bigflt0.o(.text)
    ferror                                   0x0800a815   Thumb Code     8  ferror.o(.text)
    __aeabi_memclr4                          0x0800a81d   Thumb Code     0  rt_memclr_w.o(.text)
    __aeabi_memclr8                          0x0800a81d   Thumb Code     0  rt_memclr_w.o(.text)
    __rt_memclr_w                            0x0800a81d   Thumb Code    78  rt_memclr_w.o(.text)
    _memset_w                                0x0800a821   Thumb Code     0  rt_memclr_w.o(.text)
    __user_libspace                          0x0800a86d   Thumb Code     8  libspace.o(.text)
    __user_perproc_libspace                  0x0800a86d   Thumb Code     0  libspace.o(.text)
    __user_perthread_libspace                0x0800a86d   Thumb Code     0  libspace.o(.text)
    __user_setup_stackheap                   0x0800a875   Thumb Code    74  sys_stackheap_outer.o(.text)
    __rt_ctype_table                         0x0800a8c1   Thumb Code    16  rt_ctype_table.o(.text)
    __read_errno                             0x0800a8d1   Thumb Code    10  _rserrno.o(.text)
    __set_errno                              0x0800a8db   Thumb Code    12  _rserrno.o(.text)
    _scanf_really_hex_real                   0x0800a8e9   Thumb Code   778  scanf_hexfp.o(.text)
    _scanf_really_infnan                     0x0800ac01   Thumb Code   292  scanf_infnan.o(.text)
    exit                                     0x0800ad35   Thumb Code    12  exit.o(.text)
    strcmp                                   0x0800ad41   Thumb Code   128  strcmpv7m.o(.text)
    __aeabi_llsl                             0x0800adc1   Thumb Code     0  llshl.o(.text)
    _ll_shift_l                              0x0800adc1   Thumb Code    38  llshl.o(.text)
    _btod_d2e                                0x0800ade7   Thumb Code    62  btod.o(CL$$btod_d2e)
    _d2e_denorm_low                          0x0800ae25   Thumb Code    70  btod.o(CL$$btod_d2e_denorm_low)
    _d2e_norm_op1                            0x0800ae6b   Thumb Code    96  btod.o(CL$$btod_d2e_norm_op1)
    __btod_div_common                        0x0800aecb   Thumb Code   696  btod.o(CL$$btod_div_common)
    _e2d                                     0x0800b205   Thumb Code    80  btod.o(CL$$btod_e2d)
    _e2e                                     0x0800b259   Thumb Code   198  btod.o(CL$$btod_e2e)
    _btod_ediv                               0x0800b31f   Thumb Code    40  btod.o(CL$$btod_ediv)
    _btod_edivd                              0x0800b347   Thumb Code    40  btod.o(CL$$btod_edivd)
    _btod_emul                               0x0800b36f   Thumb Code    40  btod.o(CL$$btod_emul)
    _btod_emuld                              0x0800b397   Thumb Code    40  btod.o(CL$$btod_emuld)
    __btod_mult_common                       0x0800b3bf   Thumb Code   580  btod.o(CL$$btod_mult_common)
    __ARM_fpclassify                         0x0800b603   Thumb Code    40  fpclassify.o(i.__ARM_fpclassify)
    __mathlib_dbl_overflow                   0x0800b62b   Thumb Code    14  dunder.o(i.__mathlib_dbl_overflow)
    __mathlib_dbl_underflow                  0x0800b639   Thumb Code    10  dunder.o(i.__mathlib_dbl_underflow)
    __mathlib_narrow                         0x0800b649   Thumb Code    16  narrow.o(i.__mathlib_narrow)
    __mathlib_tofloat                        0x0800b659   Thumb Code   132  narrow.o(i.__mathlib_tofloat)
    __support_ldexp                          0x0800b6e1   Thumb Code    22  ldexp.o(i.__support_ldexp)
    _is_digit                                0x0800b6f7   Thumb Code    14  __printf_wp.o(i._is_digit)
    frexp                                    0x0800b705   Thumb Code    80  frexp.o(i.frexp)
    ldexp                                    0x0800b75d   Thumb Code   116  ldexp.o(i.ldexp)
    _get_lc_numeric                          0x0800b7d1   Thumb Code    44  lc_numeric_c.o(locale$$code)
    _get_lc_ctype                            0x0800b7fd   Thumb Code    44  lc_ctype_c.o(locale$$code)
    __aeabi_d2f                              0x0800b829   Thumb Code     0  d2f.o(x$fpl$d2f)
    _d2f                                     0x0800b829   Thumb Code    98  d2f.o(x$fpl$d2f)
    __fpl_dcheck_NaN1                        0x0800b88d   Thumb Code    10  dcheck1.o(x$fpl$dcheck1)
    __fpl_dcmp_Inf                           0x0800b89d   Thumb Code    24  dcmpi.o(x$fpl$dcmpinf)
    __aeabi_ddiv                             0x0800b8b5   Thumb Code     0  ddiv.o(x$fpl$ddiv)
    _ddiv                                    0x0800b8b5   Thumb Code   552  ddiv.o(x$fpl$ddiv)
    __aeabi_cdcmpeq                          0x0800bb65   Thumb Code     0  deqf.o(x$fpl$deqf)
    _dcmpeq                                  0x0800bb65   Thumb Code   120  deqf.o(x$fpl$deqf)
    __aeabi_d2uiz                            0x0800bbdd   Thumb Code     0  dfixu.o(x$fpl$dfixu)
    _dfixu                                   0x0800bbdd   Thumb Code    90  dfixu.o(x$fpl$dfixu)
    __aeabi_i2d                              0x0800bc37   Thumb Code     0  dflt_clz.o(x$fpl$dflt)
    _dflt                                    0x0800bc37   Thumb Code    46  dflt_clz.o(x$fpl$dflt)
    __aeabi_ui2d                             0x0800bc65   Thumb Code     0  dflt_clz.o(x$fpl$dfltu)
    _dfltu                                   0x0800bc65   Thumb Code    38  dflt_clz.o(x$fpl$dfltu)
    __aeabi_cdcmple                          0x0800bc8d   Thumb Code     0  dleqf.o(x$fpl$dleqf)
    _dcmple                                  0x0800bc8d   Thumb Code   120  dleqf.o(x$fpl$dleqf)
    __fpl_dcmple_InfNaN                      0x0800bcef   Thumb Code     0  dleqf.o(x$fpl$dleqf)
    __aeabi_dmul                             0x0800bd05   Thumb Code     0  dmul.o(x$fpl$dmul)
    _dmul                                    0x0800bd05   Thumb Code   332  dmul.o(x$fpl$dmul)
    __fpl_dnaninf                            0x0800be59   Thumb Code   156  dnaninf.o(x$fpl$dnaninf)
    __fpl_dretinf                            0x0800bef5   Thumb Code    12  dretinf.o(x$fpl$dretinf)
    __aeabi_cdrcmple                         0x0800bf01   Thumb Code     0  drleqf.o(x$fpl$drleqf)
    _drcmple                                 0x0800bf01   Thumb Code   108  drleqf.o(x$fpl$drleqf)
    __aeabi_f2d                              0x0800bf6d   Thumb Code     0  f2d.o(x$fpl$f2d)
    _f2d                                     0x0800bf6d   Thumb Code    86  f2d.o(x$fpl$f2d)
    __aeabi_f2uiz                            0x0800bfc5   Thumb Code     0  ffixu.o(x$fpl$ffixu)
    _ffixu                                   0x0800bfc5   Thumb Code    62  ffixu.o(x$fpl$ffixu)
    __fpl_fnaninf                            0x0800c003   Thumb Code   140  fnaninf.o(x$fpl$fnaninf)
    __fpl_fretinf                            0x0800c08f   Thumb Code    10  fretinf.o(x$fpl$fretinf)
    _printf_fp_dec                           0x0800c099   Thumb Code     4  printf1.o(x$fpl$printf1)
    __fpl_return_NaN                         0x0800c09d   Thumb Code   100  retnan.o(x$fpl$retnan)
    __ARM_scalbn                             0x0800c101   Thumb Code    92  scalbn.o(x$fpl$scalbn)
    _scanf_real                              0x0800c15d   Thumb Code     4  scanf1.o(x$fpl$scanf1)
    _scanf_hex_real                          0x0800c161   Thumb Code     4  scanf2.o(x$fpl$scanf2)
    _scanf_infnan                            0x0800c165   Thumb Code     4  scanf2.o(x$fpl$scanf2)
    __fpl_cmpreturn                          0x0800c169   Thumb Code    48  trapv.o(x$fpl$trapveneer)
    DCMotorPin                               0x0800c198   Data         336  dcmotor.o(.constdata)
    __I$use$fp                               0x0800c198   Number         0  usenofp.o(x$fpl$usenofp)
    phSensorPin                              0x0800c2e8   Data         128  phsensor.o(.constdata)
    StepMotorPin                             0x0800c368   Data          64  stepmotor.o(.constdata)
    speedLevel                               0x0800c3a8   Data          56  stepmotor.o(.constdata)
    AbsCoordinate                            0x0800c3e0   Data          10  stepmotor.o(.constdata)
    actionDemo                               0x0800c3ea   Data          21  managerment.o(.constdata)
    caliPumpMenuText                         0x0800c3ff   Data          24  project.o(.constdata)
    actionPumpMenuText                       0x0800c417   Data          27  project.o(.constdata)
    actionTipsMenuText                       0x0800c432   Data          27  project.o(.constdata)
    actionTipsMenuTextCh                     0x0800c44d   Data          15  project.o(.constdata)
    actionVoiceMenuText                      0x0800c45c   Data          28  project.o(.constdata)
    actionVoiceMenuTextCh                    0x0800c478   Data          12  project.o(.constdata)
    actionSpeedMenuText                      0x0800c484   Data          21  project.o(.constdata)
    actionSpeedMenuTextCh                    0x0800c499   Data          15  project.o(.constdata)
    langMenuText                             0x0800c4a8   Data          16  project.o(.constdata)
    langMenuTextCh                           0x0800c4b8   Data          10  project.o(.constdata)
    Region$$Table$$Base                      0x0800c59c   Number         0  anon$$obj.o(Region$$Table)
    Region$$Table$$Limit                     0x0800c5bc   Number         0  anon$$obj.o(Region$$Table)
    __aeabi_HUGE_VAL                         0x0800c5bc   Data           0  fpconst.o(c$$dinf)
    __aeabi_HUGE_VALL                        0x0800c5bc   Data           0  fpconst.o(c$$dinf)
    __aeabi_INFINITY                         0x0800c5bc   Data           0  fpconst.o(c$$dinf)
    __dInf                                   0x0800c5bc   Data           0  fpconst.o(c$$dinf)
    __huge_val                               0x0800c5bc   Data           0  fpconst.o(c$$dinf)
    __ctype                                  0x0800c5ed   Data           0  lc_ctype_c.o(locale$$data)
    SystemCoreClock                          0x20000000   Data           4  system_stm32f10x.o(.data)
    AHBPrescTable                            0x20000004   Data          16  system_stm32f10x.o(.data)
    pDCMotor                                 0x20000014   Data           4  dcmotor.o(.data)
    pStepMotor                               0x2000001c   Data           4  stepmotor.o(.data)
    USART_RX_STA                             0x20000024   Data           2  usart.o(.data)
    __stdout                                 0x20000028   Data           4  usart.o(.data)
    pxCurrentTCB                             0x20000064   Data           4  tasks.o(.data)
    pProjectMan                              0x200000a8   Data           4  managerment.o(.data)
    button                                   0x200000ac   Data          32  button.o(.bss)
    USART_RX_BUF                             0x20000224   Data         200  usart.o(.bss)
    que                                      0x20000fdc   Data          94  cmd_queue.o(.bss)
    ProjectMan                               0x2000103c   Data          64  managerment.o(.bss)
    cmd_buffer                               0x2000107c   Data          30  managerment.o(.bss)
    caliPumpPara                             0x2000109c   Data          32  managerment.o(.bss)
    project                                  0x200010bc   Data         453  project.o(.bss)
    __libspace_start                         0x20001284   Data          96  libspace.o(.bss)
    __temporary_stack_top$libspace           0x200012e4   Data           0  libspace.o(.bss)



==============================================================================

Memory Map of the image

  Image Entry point : 0x08000131

  Load Region LR_IROM1 (Base: 0x08000000, Size: 0x0000c79c, Max: 0x00080000, ABSOLUTE)

    Execution Region ER_IROM1 (Base: 0x08000000, Size: 0x0000c6f0, Max: 0x00080000, ABSOLUTE)

    Base Addr    Size         Type   Attr      Idx    E Section Name        Object

    0x08000000   0x00000130   Data   RO          550    RESET               startup_stm32f10x_hd.o
    0x08000130   0x00000008   Code   RO         1326  * !!!main             c_w.l(__main.o)
    0x08000138   0x00000034   Code   RO         1683    !!!scatter          c_w.l(__scatter.o)
    0x0800016c   0x0000001a   Code   RO         1685    !!handler_copy      c_w.l(__scatter_copy.o)
    0x08000186   0x00000002   PAD
    0x08000188   0x0000001c   Code   RO         1687    !!handler_zi        c_w.l(__scatter_zi.o)
    0x080001a4   0x00000000   Code   RO         1315    .ARM.Collect$$_printf_percent$$00000000  c_w.l(_printf_percent.o)
    0x080001a4   0x00000006   Code   RO         1314    .ARM.Collect$$_printf_percent$$00000003  c_w.l(_printf_f.o)
    0x080001aa   0x00000006   Code   RO         1313    .ARM.Collect$$_printf_percent$$00000009  c_w.l(_printf_d.o)
    0x080001b0   0x00000006   Code   RO         1312    .ARM.Collect$$_printf_percent$$00000014  c_w.l(_printf_s.o)
    0x080001b6   0x00000004   Code   RO         1371    .ARM.Collect$$_printf_percent$$00000017  c_w.l(_printf_percent_end.o)
    0x080001ba   0x00000002   Code   RO         1503    .ARM.Collect$$libinit$$00000000  c_w.l(libinit.o)
    0x080001bc   0x00000000   Code   RO         1505    .ARM.Collect$$libinit$$00000002  c_w.l(libinit2.o)
    0x080001bc   0x00000000   Code   RO         1507    .ARM.Collect$$libinit$$00000004  c_w.l(libinit2.o)
    0x080001bc   0x00000000   Code   RO         1510    .ARM.Collect$$libinit$$0000000A  c_w.l(libinit2.o)
    0x080001bc   0x00000000   Code   RO         1512    .ARM.Collect$$libinit$$0000000C  c_w.l(libinit2.o)
    0x080001bc   0x00000000   Code   RO         1514    .ARM.Collect$$libinit$$0000000E  c_w.l(libinit2.o)
    0x080001bc   0x00000006   Code   RO         1515    .ARM.Collect$$libinit$$0000000F  c_w.l(libinit2.o)
    0x080001c2   0x00000000   Code   RO         1517    .ARM.Collect$$libinit$$00000011  c_w.l(libinit2.o)
    0x080001c2   0x0000000c   Code   RO         1518    .ARM.Collect$$libinit$$00000012  c_w.l(libinit2.o)
    0x080001ce   0x00000000   Code   RO         1519    .ARM.Collect$$libinit$$00000013  c_w.l(libinit2.o)
    0x080001ce   0x00000000   Code   RO         1521    .ARM.Collect$$libinit$$00000015  c_w.l(libinit2.o)
    0x080001ce   0x0000000a   Code   RO         1522    .ARM.Collect$$libinit$$00000016  c_w.l(libinit2.o)
    0x080001d8   0x00000000   Code   RO         1523    .ARM.Collect$$libinit$$00000017  c_w.l(libinit2.o)
    0x080001d8   0x00000000   Code   RO         1525    .ARM.Collect$$libinit$$00000019  c_w.l(libinit2.o)
    0x080001d8   0x00000000   Code   RO         1527    .ARM.Collect$$libinit$$0000001B  c_w.l(libinit2.o)
    0x080001d8   0x00000000   Code   RO         1529    .ARM.Collect$$libinit$$0000001D  c_w.l(libinit2.o)
    0x080001d8   0x00000000   Code   RO         1531    .ARM.Collect$$libinit$$0000001F  c_w.l(libinit2.o)
    0x080001d8   0x00000000   Code   RO         1533    .ARM.Collect$$libinit$$00000021  c_w.l(libinit2.o)
    0x080001d8   0x00000000   Code   RO         1535    .ARM.Collect$$libinit$$00000023  c_w.l(libinit2.o)
    0x080001d8   0x00000000   Code   RO         1537    .ARM.Collect$$libinit$$00000025  c_w.l(libinit2.o)
    0x080001d8   0x00000000   Code   RO         1541    .ARM.Collect$$libinit$$0000002C  c_w.l(libinit2.o)
    0x080001d8   0x00000000   Code   RO         1543    .ARM.Collect$$libinit$$0000002E  c_w.l(libinit2.o)
    0x080001d8   0x00000000   Code   RO         1545    .ARM.Collect$$libinit$$00000030  c_w.l(libinit2.o)
    0x080001d8   0x00000000   Code   RO         1547    .ARM.Collect$$libinit$$00000032  c_w.l(libinit2.o)
    0x080001d8   0x00000002   Code   RO         1548    .ARM.Collect$$libinit$$00000033  c_w.l(libinit2.o)
    0x080001da   0x00000002   Code   RO         1624    .ARM.Collect$$libshutdown$$00000000  c_w.l(libshutdown.o)
    0x080001dc   0x00000000   Code   RO         1642    .ARM.Collect$$libshutdown$$00000003  c_w.l(libshutdown2.o)
    0x080001dc   0x00000000   Code   RO         1645    .ARM.Collect$$libshutdown$$00000006  c_w.l(libshutdown2.o)
    0x080001dc   0x00000000   Code   RO         1648    .ARM.Collect$$libshutdown$$00000009  c_w.l(libshutdown2.o)
    0x080001dc   0x00000000   Code   RO         1650    .ARM.Collect$$libshutdown$$0000000B  c_w.l(libshutdown2.o)
    0x080001dc   0x00000000   Code   RO         1653    .ARM.Collect$$libshutdown$$0000000E  c_w.l(libshutdown2.o)
    0x080001dc   0x00000002   Code   RO         1654    .ARM.Collect$$libshutdown$$0000000F  c_w.l(libshutdown2.o)
    0x080001de   0x00000000   Code   RO         1358    .ARM.Collect$$rtentry$$00000000  c_w.l(__rtentry.o)
    0x080001de   0x00000000   Code   RO         1394    .ARM.Collect$$rtentry$$00000002  c_w.l(__rtentry2.o)
    0x080001de   0x00000006   Code   RO         1406    .ARM.Collect$$rtentry$$00000004  c_w.l(__rtentry4.o)
    0x080001e4   0x00000000   Code   RO         1396    .ARM.Collect$$rtentry$$00000009  c_w.l(__rtentry2.o)
    0x080001e4   0x00000004   Code   RO         1397    .ARM.Collect$$rtentry$$0000000A  c_w.l(__rtentry2.o)
    0x080001e8   0x00000000   Code   RO         1399    .ARM.Collect$$rtentry$$0000000C  c_w.l(__rtentry2.o)
    0x080001e8   0x00000008   Code   RO         1400    .ARM.Collect$$rtentry$$0000000D  c_w.l(__rtentry2.o)
    0x080001f0   0x00000002   Code   RO         1557    .ARM.Collect$$rtexit$$00000000  c_w.l(rtexit.o)
    0x080001f2   0x00000000   Code   RO         1587    .ARM.Collect$$rtexit$$00000002  c_w.l(rtexit2.o)
    0x080001f2   0x00000004   Code   RO         1588    .ARM.Collect$$rtexit$$00000003  c_w.l(rtexit2.o)
    0x080001f6   0x00000006   Code   RO         1589    .ARM.Collect$$rtexit$$00000004  c_w.l(rtexit2.o)
    0x080001fc   0x00000096   Code   RO          697    .emb_text           port.o
    0x08000292   0x00000002   PAD
    0x08000294   0x00000164   Code   RO            1    .text               main.o
    0x080003f8   0x0000000c   Code   RO          162    .text               stm32f10x_it.o
    0x08000404   0x00000158   Code   RO          194    .text               system_stm32f10x.o
    0x0800055c   0x000000a4   Code   RO          212    .text               led.o
    0x08000600   0x00000060   Code   RO          227    .text               beep.o
    0x08000660   0x000000dc   Code   RO          248    .text               button.o
    0x0800073c   0x0000048a   Code   RO          266    .text               dcmotor.o
    0x08000bc6   0x00000002   PAD
    0x08000bc8   0x000001f0   Code   RO          297    .text               phsensor.o
    0x08000db8   0x00000060   Code   RO          318    .text               relaymos.o
    0x08000e18   0x00000760   Code   RO          333    .text               stepmotor.o
    0x08001578   0x0000013e   Code   RO          408    .text               24cxx.o
    0x080016b6   0x00000002   PAD
    0x080016b8   0x00000244   Code   RO          429    .text               myiic.o
    0x080018fc   0x0000002a   Code   RO          444    .text               wdg.o
    0x08001926   0x00000002   PAD
    0x08001928   0x00000098   Code   RO          480    .text               delay.o
    0x080019c0   0x0000023c   Code   RO          511    .text               usart.o
    0x08001bfc   0x00000040   Code   RO          551    .text               startup_stm32f10x_hd.o
    0x08001c3c   0x000000b0   Code   RO          555    .text               misc.o
    0x08001cec   0x00000264   Code   RO          567    .text               stm32f10x_gpio.o
    0x08001f50   0x00000328   Code   RO          579    .text               stm32f10x_usart.o
    0x08002278   0x000002b8   Code   RO          591    .text               stm32f10x_rcc.o
    0x08002530   0x000000e8   Code   RO          605    .text               stm32f10x_exti.o
    0x08002618   0x00000af0   Code   RO          617    .text               stm32f10x_tim.o
    0x08003108   0x0000003c   Code   RO          642    .text               stm32f10x_iwdg.o
    0x08003144   0x000001c8   Code   RO          698    .text               port.o
    0x0800330c   0x000001d0   Code   RO          728    .text               heap_4.o
    0x080034dc   0x00001160   Code   RO          764    .text               tasks.o
    0x0800463c   0x00000088   Code   RO          787    .text               list.o
    0x080046c4   0x000002e0   Code   RO          824    .text               cmd_process.o
    0x080049a4   0x000000d0   Code   RO          868    .text               cmd_queue.o
    0x08004a74   0x00001d06   Code   RO          887    .text               hmi_driver.o
    0x0800677a   0x00000002   PAD
    0x0800677c   0x000000ec   Code   RO          900    .text               hmi_user_uart.o
    0x08006868   0x0000016c   Code   RO          912    .text               calibration.o
    0x080069d4   0x00000394   Code   RO          986    .text               managerment.o
    0x08006d68   0x00000bd4   Code   RO         1027    .text               project.o
    0x0800793c   0x0000066c   Code   RO         1063    .text               purge.o
    0x08007fa8   0x00000210   Code   RO         1076    .text               actionpage.o
    0x080081b8   0x0000010c   Code   RO         1119    .text               backflowpage.o
    0x080082c4   0x000001e0   Code   RO         1142    .text               calibrationpage.o
    0x080084a4   0x00000108   Code   RO         1154    .text               informationpage.o
    0x080085ac   0x00000220   Code   RO         1166    .text               mainpage.o
    0x080087cc   0x00000138   Code   RO         1178    .text               pausepage.o
    0x08008904   0x00000368   Code   RO         1190    .text               projecteditpage.o
    0x08008c6c   0x000001e4   Code   RO         1202    .text               projectpage.o
    0x08008e50   0x00000144   Code   RO         1214    .text               purgepage.o
    0x08008f94   0x00000128   Code   RO         1226    .text               runningpage.o
    0x080090bc   0x000000d8   Code   RO         1238    .text               selectpumppage.o
    0x08009194   0x00000038   Code   RO         1250    .text               tips1page.o
    0x080091cc   0x00000104   Code   RO         1262    .text               tips2page.o
    0x080092d0   0x00000002   Code   RO         1276    .text               c_w.l(use_no_semi_2.o)
    0x080092d2   0x00000002   PAD
    0x080092d4   0x00000018   Code   RO         1282    .text               c_w.l(noretval__2printf.o)
    0x080092ec   0x00000028   Code   RO         1284    .text               c_w.l(noretval__2sprintf.o)
    0x08009314   0x00000052   Code   RO         1288    .text               c_w.l(_printf_str.o)
    0x08009366   0x00000002   PAD
    0x08009368   0x00000078   Code   RO         1290    .text               c_w.l(_printf_dec.o)
    0x080093e0   0x00000160   Code   RO         1307    .text               c_w.l(__printf_ss_wp.o)
    0x08009540   0x0000003c   Code   RO         1316    .text               c_w.l(__0sscanf.o)
    0x0800957c   0x0000014c   Code   RO         1318    .text               c_w.l(_scanf_int.o)
    0x080096c8   0x0000008a   Code   RO         1320    .text               c_w.l(rt_memcpy_v6.o)
    0x08009752   0x00000010   Code   RO         1322    .text               c_w.l(aeabi_memset.o)
    0x08009762   0x00000006   Code   RO         1324    .text               c_w.l(heapauxi.o)
    0x08009768   0x00000002   Code   RO         1356    .text               c_w.l(use_no_semi.o)
    0x0800976a   0x000000b2   Code   RO         1359    .text               c_w.l(_printf_intcommon.o)
    0x0800981c   0x0000041a   Code   RO         1361    .text               c_w.l(_printf_fp_dec.o)
    0x08009c36   0x00000002   PAD
    0x08009c38   0x00000030   Code   RO         1363    .text               c_w.l(_printf_char_common.o)
    0x08009c68   0x0000000a   Code   RO         1365    .text               c_w.l(_sputc.o)
    0x08009c72   0x0000002c   Code   RO         1367    .text               c_w.l(_printf_char.o)
    0x08009c9e   0x00000002   PAD
    0x08009ca0   0x00000024   Code   RO         1369    .text               c_w.l(_printf_char_file.o)
    0x08009cc4   0x0000001c   Code   RO         1372    .text               c_w.l(_chval.o)
    0x08009ce0   0x000004a4   Code   RO         1374    .text               c_w.l(scanf_fp.o)
    0x0800a184   0x0000002c   Code   RO         1376    .text               c_w.l(scanf_char.o)
    0x0800a1b0   0x00000040   Code   RO         1378    .text               c_w.l(_sgetc.o)
    0x0800a1f0   0x00000064   Code   RO         1380    .text               c_w.l(rt_memcpy_w.o)
    0x0800a254   0x00000044   Code   RO         1382    .text               c_w.l(rt_memclr.o)
    0x0800a298   0x00000008   Code   RO         1411    .text               c_w.l(rt_locale_intlibspace.o)
    0x0800a2a0   0x00000008   Code   RO         1416    .text               c_w.l(rt_errno_addr_intlibspace.o)
    0x0800a2a8   0x0000008a   Code   RO         1418    .text               c_w.l(lludiv10.o)
    0x0800a332   0x00000012   Code   RO         1420    .text               c_w.l(isspace.o)
    0x0800a344   0x00000080   Code   RO         1422    .text               c_w.l(_printf_fp_infnan.o)
    0x0800a3c4   0x00000374   Code   RO         1426    .text               c_w.l(_scanf.o)
    0x0800a738   0x000000dc   Code   RO         1428    .text               c_w.l(bigflt0.o)
    0x0800a814   0x00000008   Code   RO         1453    .text               c_w.l(ferror.o)
    0x0800a81c   0x0000004e   Code   RO         1460    .text               c_w.l(rt_memclr_w.o)
    0x0800a86a   0x00000002   PAD
    0x0800a86c   0x00000008   Code   RO         1481    .text               c_w.l(libspace.o)
    0x0800a874   0x0000004a   Code   RO         1484    .text               c_w.l(sys_stackheap_outer.o)
    0x0800a8be   0x00000002   PAD
    0x0800a8c0   0x00000010   Code   RO         1486    .text               c_w.l(rt_ctype_table.o)
    0x0800a8d0   0x00000016   Code   RO         1488    .text               c_w.l(_rserrno.o)
    0x0800a8e6   0x00000002   PAD
    0x0800a8e8   0x00000318   Code   RO         1490    .text               c_w.l(scanf_hexfp.o)
    0x0800ac00   0x00000134   Code   RO         1492    .text               c_w.l(scanf_infnan.o)
    0x0800ad34   0x0000000c   Code   RO         1494    .text               c_w.l(exit.o)
    0x0800ad40   0x00000080   Code   RO         1496    .text               c_w.l(strcmpv7m.o)
    0x0800adc0   0x00000026   Code   RO         1559    .text               c_w.l(llshl.o)
    0x0800ade6   0x0000003e   Code   RO         1431    CL$$btod_d2e        c_w.l(btod.o)
    0x0800ae24   0x00000046   Code   RO         1433    CL$$btod_d2e_denorm_low  c_w.l(btod.o)
    0x0800ae6a   0x00000060   Code   RO         1432    CL$$btod_d2e_norm_op1  c_w.l(btod.o)
    0x0800aeca   0x00000338   Code   RO         1441    CL$$btod_div_common  c_w.l(btod.o)
    0x0800b202   0x00000002   PAD
    0x0800b204   0x00000054   Code   RO         1439    CL$$btod_e2d        c_w.l(btod.o)
    0x0800b258   0x000000c6   Code   RO         1438    CL$$btod_e2e        c_w.l(btod.o)
    0x0800b31e   0x00000028   Code   RO         1435    CL$$btod_ediv       c_w.l(btod.o)
    0x0800b346   0x00000028   Code   RO         1437    CL$$btod_edivd      c_w.l(btod.o)
    0x0800b36e   0x00000028   Code   RO         1434    CL$$btod_emul       c_w.l(btod.o)
    0x0800b396   0x00000028   Code   RO         1436    CL$$btod_emuld      c_w.l(btod.o)
    0x0800b3be   0x00000244   Code   RO         1440    CL$$btod_mult_common  c_w.l(btod.o)
    0x0800b602   0x00000028   Code   RO         1473    i.__ARM_fpclassify  m_ws.l(fpclassify.o)
    0x0800b62a   0x0000000e   Code   RO         1603    i.__mathlib_dbl_overflow  m_ws.l(dunder.o)
    0x0800b638   0x00000010   Code   RO         1605    i.__mathlib_dbl_underflow  m_ws.l(dunder.o)
    0x0800b648   0x00000010   Code   RO         1475    i.__mathlib_narrow  m_ws.l(narrow.o)
    0x0800b658   0x00000088   Code   RO         1476    i.__mathlib_tofloat  m_ws.l(narrow.o)
    0x0800b6e0   0x00000016   Code   RO         1575    i.__support_ldexp   m_ws.l(ldexp.o)
    0x0800b6f6   0x0000000e   Code   RO         1302    i._is_digit         c_w.l(__printf_wp.o)
    0x0800b704   0x00000058   Code   RO         1554    i.frexp             m_ws.l(frexp.o)
    0x0800b75c   0x00000074   Code   RO         1576    i.ldexp             m_ws.l(ldexp.o)
    0x0800b7d0   0x0000002c   Code   RO         1458    locale$$code        c_w.l(lc_numeric_c.o)
    0x0800b7fc   0x0000002c   Code   RO         1562    locale$$code        c_w.l(lc_ctype_c.o)
    0x0800b828   0x00000062   Code   RO         1328    x$fpl$d2f           fz_ws.l(d2f.o)
    0x0800b88a   0x00000002   PAD
    0x0800b88c   0x00000010   Code   RO         1597    x$fpl$dcheck1       fz_ws.l(dcheck1.o)
    0x0800b89c   0x00000018   Code   RO         1566    x$fpl$dcmpinf       fz_ws.l(dcmpi.o)
    0x0800b8b4   0x000002b0   Code   RO         1331    x$fpl$ddiv          fz_ws.l(ddiv.o)
    0x0800bb64   0x00000078   Code   RO         1549    x$fpl$deqf          fz_ws.l(deqf.o)
    0x0800bbdc   0x0000005a   Code   RO         1334    x$fpl$dfixu         fz_ws.l(dfixu.o)
    0x0800bc36   0x0000002e   Code   RO         1339    x$fpl$dflt          fz_ws.l(dflt_clz.o)
    0x0800bc64   0x00000026   Code   RO         1338    x$fpl$dfltu         fz_ws.l(dflt_clz.o)
    0x0800bc8a   0x00000002   PAD
    0x0800bc8c   0x00000078   Code   RO         1568    x$fpl$dleqf         fz_ws.l(dleqf.o)
    0x0800bd04   0x00000154   Code   RO         1344    x$fpl$dmul          fz_ws.l(dmul.o)
    0x0800be58   0x0000009c   Code   RO         1384    x$fpl$dnaninf       fz_ws.l(dnaninf.o)
    0x0800bef4   0x0000000c   Code   RO         1386    x$fpl$dretinf       fz_ws.l(dretinf.o)
    0x0800bf00   0x0000006c   Code   RO         1551    x$fpl$drleqf        fz_ws.l(drleqf.o)
    0x0800bf6c   0x00000056   Code   RO         1346    x$fpl$f2d           fz_ws.l(f2d.o)
    0x0800bfc2   0x00000002   PAD
    0x0800bfc4   0x0000003e   Code   RO         1348    x$fpl$ffixu         fz_ws.l(ffixu.o)
    0x0800c002   0x0000008c   Code   RO         1388    x$fpl$fnaninf       fz_ws.l(fnaninf.o)
    0x0800c08e   0x0000000a   Code   RO         1390    x$fpl$fretinf       fz_ws.l(fretinf.o)
    0x0800c098   0x00000004   Code   RO         1352    x$fpl$printf1       fz_ws.l(printf1.o)
    0x0800c09c   0x00000064   Code   RO         1631    x$fpl$retnan        fz_ws.l(retnan.o)
    0x0800c100   0x0000005c   Code   RO         1572    x$fpl$scalbn        fz_ws.l(scalbn.o)
    0x0800c15c   0x00000004   Code   RO         1354    x$fpl$scanf1        fz_ws.l(scanf1.o)
    0x0800c160   0x00000008   Code   RO         1467    x$fpl$scanf2        fz_ws.l(scanf2.o)
    0x0800c168   0x00000030   Code   RO         1655    x$fpl$trapveneer    fz_ws.l(trapv.o)
    0x0800c198   0x00000000   Code   RO         1392    x$fpl$usenofp       fz_ws.l(usenofp.o)
    0x0800c198   0x00000150   Data   RO          268    .constdata          dcmotor.o
    0x0800c2e8   0x00000080   Data   RO          299    .constdata          phsensor.o
    0x0800c368   0x00000078   Data   RO          335    .constdata          stepmotor.o
    0x0800c3e0   0x0000000a   Data   RO          336    .constdata          stepmotor.o
    0x0800c3ea   0x00000015   Data   RO          990    .constdata          managerment.o
    0x0800c3ff   0x00000018   Data   RO         1029    .constdata          project.o
    0x0800c417   0x0000001b   Data   RO         1030    .constdata          project.o
    0x0800c432   0x0000001b   Data   RO         1031    .constdata          project.o
    0x0800c44d   0x0000000f   Data   RO         1032    .constdata          project.o
    0x0800c45c   0x0000001c   Data   RO         1033    .constdata          project.o
    0x0800c478   0x0000000c   Data   RO         1034    .constdata          project.o
    0x0800c484   0x00000015   Data   RO         1035    .constdata          project.o
    0x0800c499   0x0000000f   Data   RO         1036    .constdata          project.o
    0x0800c4a8   0x00000010   Data   RO         1037    .constdata          project.o
    0x0800c4b8   0x0000000a   Data   RO         1038    .constdata          project.o
    0x0800c4c2   0x00000002   PAD
    0x0800c4c4   0x00000094   Data   RO         1429    .constdata          c_w.l(bigflt0.o)
    0x0800c558   0x00000044   Data   RO         1064    .conststring        purge.o
    0x0800c59c   0x00000020   Data   RO         1681    Region$$Table       anon$$obj.o
    0x0800c5bc   0x00000008   Data   RO         1462    c$$dinf             fz_ws.l(fpconst.o)
    0x0800c5c4   0x0000001c   Data   RO         1457    locale$$data        c_w.l(lc_numeric_c.o)
    0x0800c5e0   0x00000110   Data   RO         1561    locale$$data        c_w.l(lc_ctype_c.o)


    Execution Region RW_IRAM1 (Base: 0x20000000, Size: 0x000018e8, Max: 0x00010000, ABSOLUTE)

    Base Addr    Size         Type   Attr      Idx    E Section Name        Object

    0x20000000   0x00000014   Data   RW          195    .data               system_stm32f10x.o
    0x20000014   0x00000004   Data   RW          269    .data               dcmotor.o
    0x20000018   0x00000008   Data   RW          337    .data               stepmotor.o
    0x20000020   0x00000004   Data   RW          481    .data               delay.o
    0x20000024   0x00000002   Data   RW          513    .data               usart.o
    0x20000026   0x00000002   PAD
    0x20000028   0x00000004   Data   RW          514    .data               usart.o
    0x2000002c   0x00000014   Data   RW          592    .data               stm32f10x_rcc.o
    0x20000040   0x0000000c   Data   RW          699    .data               port.o
    0x2000004c   0x00000018   Data   RW          730    .data               heap_4.o
    0x20000064   0x0000003c   Data   RW          766    .data               tasks.o
    0x200000a0   0x00000008   Data   RW          870    .data               cmd_queue.o
    0x200000a8   0x00000004   Data   RW          991    .data               managerment.o
    0x200000ac   0x00000020   Zero   RW          249    .bss                button.o
    0x200000cc   0x00000090   Zero   RW          267    .bss                dcmotor.o
    0x2000015c   0x000000a0   Zero   RW          298    .bss                phsensor.o
    0x200001fc   0x00000028   Zero   RW          334    .bss                stepmotor.o
    0x20000224   0x000000c8   Zero   RW          512    .bss                usart.o
    0x200002ec   0x00000c00   Zero   RW          729    .bss                heap_4.o
    0x20000eec   0x000000f0   Zero   RW          765    .bss                tasks.o
    0x20000fdc   0x0000005e   Zero   RW          869    .bss                cmd_queue.o
    0x2000103a   0x00000002   PAD
    0x2000103c   0x00000040   Zero   RW          987    .bss                managerment.o
    0x2000107c   0x0000001e   Zero   RW          988    .bss                managerment.o
    0x2000109a   0x00000002   PAD
    0x2000109c   0x00000020   Zero   RW          989    .bss                managerment.o
    0x200010bc   0x000001c5   Zero   RW         1028    .bss                project.o
    0x20001281   0x00000003   PAD
    0x20001284   0x00000060   Zero   RW         1482    .bss                c_w.l(libspace.o)
    0x200012e4   0x00000004   PAD
    0x200012e8   0x00000200   Zero   RW          549    HEAP                startup_stm32f10x_hd.o
    0x200014e8   0x00000400   Zero   RW          548    STACK               startup_stm32f10x_hd.o


==============================================================================

Image component sizes


      Code (inc. data)   RO Data    RW Data    ZI Data      Debug   Object Name

       318          0          0          0          0       2246   24cxx.o
       528        134          0          0          0       1302   actionpage.o
       268         66          0          0          0        684   backflowpage.o
        96          8          0          0          0        682   beep.o
       220          8          0          0         32       2047   button.o
       364         96          0          0          0        742   calibration.o
       480        232          0          0          0       1040   calibrationpage.o
       736        202          0          0          0       6059   cmd_process.o
       208          8          0          8         94       2144   cmd_queue.o
      1162        108        336          4        144       5754   dcmotor.o
       152         14          0          4          0        943   delay.o
         0          0          0          0          0       9360   event_groups.o
       464          8          0         24       3072       5932   heap_4.o
      7430          0          0          0          0      21860   hmi_driver.o
       236          8          0          0          0       1105   hmi_user_uart.o
       264         86          0          0          0       1028   informationpage.o
       164         10          0          0          0        701   led.o
       136          0          0          0          0       1618   list.o
       356        146          0          0          0     263120   main.o
       544         60          0          0          0        784   mainpage.o
       916        224         21          4        126       6316   managerment.o
       176         14          0          0          0       1657   misc.o
       580          8          0          0          0       1884   myiic.o
       312        146          0          0          0        725   pausepage.o
       496         92        128          0        160       3951   phsensor.o
       606         32          0         12          0       7949   port.o
      3028        750        195          0        453       6632   project.o
       872        226          0          0          0       1222   projecteditpage.o
       484         98          0          0          0       1146   projectpage.o
      1644        518         68          0          0       1477   purge.o
       324        106          0          0          0        721   purgepage.o
        96          8          0          0          0        524   relaymos.o
       296        196          0          0          0        792   runningpage.o
       216         44          0          0          0        674   selectpumppage.o
        64         26        304          0       1536        772   startup_stm32f10x_hd.o
      1888        168        130          8         40      10810   stepmotor.o
       232          8          0          0          0       2091   stm32f10x_exti.o
       612         36          0          0          0       4929   stm32f10x_gpio.o
        12          0          0          0          0        863   stm32f10x_it.o
        60          6          0          0          0       1173   stm32f10x_iwdg.o
       696         32          0         20          0       8028   stm32f10x_rcc.o
      2800         84          0          0          0      18154   stm32f10x_tim.o
       808         22          0          0          0       7260   stm32f10x_usart.o
         0          0          0          0          0         32   sys.o
       344         34          0         20          0       1655   system_stm32f10x.o
      4448         82          0         60        240      21492   tasks.o
        56         34          0          0          0        497   tips1page.o
       260        120          0          0          0        697   tips2page.o
       572         64          0          6        200       3791   usart.o
        42          0          0          0          0        558   wdg.o

    ----------------------------------------------------------------------
     37076       4372       1216        172       6104     447623   Object Totals
         0          0         32          0          0          0   (incl. Generated)
        10          0          2          2          7          0   (incl. Padding)

    ----------------------------------------------------------------------

      Code (inc. data)   RO Data    RW Data    ZI Data      Debug   Library Member Name

        60          8          0          0          0         84   __0sscanf.o
         8          0          0          0          0         68   __main.o
       352          0          0          0          0         88   __printf_ss_wp.o
        14          0          0          0          0         68   __printf_wp.o
         0          0          0          0          0          0   __rtentry.o
        12          0          0          0          0          0   __rtentry2.o
         6          0          0          0          0          0   __rtentry4.o
        52          8          0          0          0          0   __scatter.o
        26          0          0          0          0          0   __scatter_copy.o
        28          0          0          0          0          0   __scatter_zi.o
        28          0          0          0          0         68   _chval.o
        44          0          0          0          0        108   _printf_char.o
        48          6          0          0          0         96   _printf_char_common.o
        36          4          0          0          0         80   _printf_char_file.o
         6          0          0          0          0          0   _printf_d.o
       120         16          0          0          0         92   _printf_dec.o
         6          0          0          0          0          0   _printf_f.o
      1050          0          0          0          0        216   _printf_fp_dec.o
       128         16          0          0          0         84   _printf_fp_infnan.o
       178          0          0          0          0         88   _printf_intcommon.o
         0          0          0          0          0          0   _printf_percent.o
         4          0          0          0          0          0   _printf_percent_end.o
         6          0          0          0          0          0   _printf_s.o
        82          0          0          0          0         80   _printf_str.o
        22          0          0          0          0        100   _rserrno.o
       884          6          0          0          0        100   _scanf.o
       332          0          0          0          0         96   _scanf_int.o
        64          0          0          0          0         84   _sgetc.o
        10          0          0          0          0         68   _sputc.o
        16          0          0          0          0         68   aeabi_memset.o
       220          4        148          0          0         96   bigflt0.o
      2074        132          0          0          0        940   btod.o
        12          0          0          0          0         72   exit.o
         8          0          0          0          0         68   ferror.o
         6          0          0          0          0        152   heapauxi.o
        18          0          0          0          0         76   isspace.o
        44         10        272          0          0         76   lc_ctype_c.o
        44         10         28          0          0         76   lc_numeric_c.o
         2          0          0          0          0          0   libinit.o
        30          0          0          0          0          0   libinit2.o
         2          0          0          0          0          0   libshutdown.o
         2          0          0          0          0          0   libshutdown2.o
         8          4          0          0         96         68   libspace.o
        38          0          0          0          0         68   llshl.o
       138          0          0          0          0         80   lludiv10.o
        24          4          0          0          0         84   noretval__2printf.o
        40          6          0          0          0         84   noretval__2sprintf.o
        16          4          0          0          0         76   rt_ctype_table.o
         8          4          0          0          0         68   rt_errno_addr_intlibspace.o
         8          4          0          0          0         68   rt_locale_intlibspace.o
        68          0          0          0          0         68   rt_memclr.o
        78          0          0          0          0         80   rt_memclr_w.o
       138          0          0          0          0         68   rt_memcpy_v6.o
       100          0          0          0          0         80   rt_memcpy_w.o
         2          0          0          0          0          0   rtexit.o
        10          0          0          0          0          0   rtexit2.o
        44          8          0          0          0         84   scanf_char.o
      1188         12          0          0          0        148   scanf_fp.o
       792         14          0          0          0        100   scanf_hexfp.o
       308         16          0          0          0        100   scanf_infnan.o
       128          0          0          0          0         68   strcmpv7m.o
        74          0          0          0          0         80   sys_stackheap_outer.o
         2          0          0          0          0         68   use_no_semi.o
         2          0          0          0          0         68   use_no_semi_2.o
        98          4          0          0          0         92   d2f.o
        16          4          0          0          0         68   dcheck1.o
        24          0          0          0          0         68   dcmpi.o
       688        140          0          0          0        208   ddiv.o
       120          4          0          0          0         92   deqf.o
        90          4          0          0          0         92   dfixu.o
        84          0          0          0          0        136   dflt_clz.o
       120          4          0          0          0         92   dleqf.o
       340         12          0          0          0        104   dmul.o
       156          4          0          0          0         92   dnaninf.o
        12          0          0          0          0         68   dretinf.o
       108          0          0          0          0         80   drleqf.o
        86          4          0          0          0         84   f2d.o
        62          4          0          0          0         84   ffixu.o
       140          4          0          0          0         84   fnaninf.o
         0          0          8          0          0          0   fpconst.o
        10          0          0          0          0         68   fretinf.o
         4          0          0          0          0         68   printf1.o
       100          0          0          0          0         68   retnan.o
        92          0          0          0          0         68   scalbn.o
         4          0          0          0          0         68   scanf1.o
         8          0          0          0          0         84   scanf2.o
        48          0          0          0          0         68   trapv.o
         0          0          0          0          0          0   usenofp.o
        30          6          0          0          0        136   dunder.o
        40          0          0          0          0         68   fpclassify.o
        88          8          0          0          0         76   frexp.o
       138          0          0          0          0        160   ldexp.o
       152          4          0          0          0        168   narrow.o

    ----------------------------------------------------------------------
     12180        504        456          0        100       7444   Library Totals
        24          2          0          0          4          0   (incl. Padding)

    ----------------------------------------------------------------------

      Code (inc. data)   RO Data    RW Data    ZI Data      Debug   Library Name

      9298        296        448          0         96       4900   c_w.l
      2410        188          8          0          0       1936   fz_ws.l
       448         18          0          0          0        608   m_ws.l

    ----------------------------------------------------------------------
     12180        504        456          0        100       7444   Library Totals

    ----------------------------------------------------------------------

==============================================================================


      Code (inc. data)   RO Data    RW Data    ZI Data      Debug   

     49256       4876       1672        172       6204     445755   Grand Totals
     49256       4876       1672        172       6204     445755   ELF Image Totals
     49256       4876       1672        172          0          0   ROM Totals

==============================================================================

    Total RO  Size (Code + RO Data)                50928 (  49.73kB)
    Total RW  Size (RW Data + ZI Data)              6376 (   6.23kB)
    Total ROM Size (Code + RO Data + RW Data)      51100 (  49.90kB)

==============================================================================

