Component: ARM Compiler 5.05 update 1 (build 106) Tool: armlink [4d0efa]

==============================================================================

Section Cross References

    main.o(.text) refers to _printf_percent.o(.ARM.Collect$$_printf_percent$$00000000) for _printf_percent
    main.o(.text) refers to _printf_s.o(.ARM.Collect$$_printf_percent$$00000014) for _printf_s
    main.o(.text) refers to _printf_str.o(.text) for _printf_str
    main.o(.text) refers to misc.o(.text) for NVIC_PriorityGroupConfig
    main.o(.text) refers to delay.o(.text) for delay_init
    main.o(.text) refers to usart.o(.text) for uart_init
    main.o(.text) refers to led.o(.text) for LED_Init
    main.o(.text) refers to 24cxx.o(.text) for AT24CXX_Init
    main.o(.text) refers to beep.o(.text) for Beep_Init
    main.o(.text) refers to button.o(.text) for Button_Init
    main.o(.text) refers to phsensor.o(.text) for PhSensor_Init
    main.o(.text) refers to relaymos.o(.text) for RelayMOS_Init
    main.o(.text) refers to dcmotor.o(.text) for DCMotor_Init
    main.o(.text) refers to stepmotor.o(.text) for StepMotor_Init
    main.o(.text) refers to ntcresistor.o(.text) for NTCResitor_Init
    main.o(.text) refers to managerment.o(.text) for initUI
    main.o(.text) refers to queue.o(.text) for xQueueCreateMutex
    main.o(.text) refers to event_groups.o(.text) for xEventGroupCreate
    main.o(.text) refers to wdg.o(.text) for IWDG_Init
    main.o(.text) refers to tasks.o(.text) for xTaskCreate
    main.o(.text) refers to noretval__2printf.o(.text) for __2printf
    main.o(.text) refers to managerment.o(.data) for pProjectMan
    main.o(.text) refers to project.o(.text) for ProjectTask
    system_stm32f10x.o(.text) refers to system_stm32f10x.o(.data) for SystemCoreClock
    led.o(.text) refers to stm32f10x_rcc.o(.text) for RCC_APB2PeriphClockCmd
    led.o(.text) refers to stm32f10x_gpio.o(.text) for GPIO_Init
    led.o(.text) refers to led.o(.data) for cnt
    beep.o(.text) refers to stm32f10x_rcc.o(.text) for RCC_APB2PeriphClockCmd
    beep.o(.text) refers to stm32f10x_gpio.o(.text) for GPIO_Init
    beep.o(.text) refers to tasks.o(.text) for vTaskDelay
    button.o(.text) refers to stm32f10x_rcc.o(.text) for RCC_APB2PeriphClockCmd
    button.o(.text) refers to stm32f10x_gpio.o(.text) for GPIO_Init
    button.o(.text) refers to misc.o(.text) for NVIC_Init
    button.o(.text) refers to stm32f10x_exti.o(.text) for EXTI_ClearITPendingBit
    button.o(.text) refers to dcmotor.o(.text) for DCMotor_Stop
    button.o(.text) refers to stepmotor.o(.text) for StepMotor_Stop
    button.o(.text) refers to stm32f10x_tim.o(.text) for TIM_Cmd
    button.o(.text) refers to button.o(.bss) for button
    button.o(.text) refers to stepmotor.o(.constdata) for StepMotorPin
    button.o(.text) refers to managerment.o(.data) for pProjectMan
    dcmotor.o(.text) refers to fflt_clz.o(x$fpl$ffltu) for __aeabi_ui2f
    dcmotor.o(.text) refers to f2d.o(x$fpl$f2d) for __aeabi_f2d
    dcmotor.o(.text) refers to ddiv.o(x$fpl$ddiv) for __aeabi_ddiv
    dcmotor.o(.text) refers to dmul.o(x$fpl$dmul) for __aeabi_dmul
    dcmotor.o(.text) refers to dfixu.o(x$fpl$dfixu) for __aeabi_d2uiz
    dcmotor.o(.text) refers to fflt_clz.o(x$fpl$fflt) for __aeabi_i2f
    dcmotor.o(.text) refers to stm32f10x_tim.o(.text) for TIM_SetCompare1
    dcmotor.o(.text) refers to stm32f10x_gpio.o(.text) for GPIO_ResetBits
    dcmotor.o(.text) refers to stm32f10x_rcc.o(.text) for RCC_APB1PeriphClockCmd
    dcmotor.o(.text) refers to dcmotor.o(.bss) for dcMotor
    dcmotor.o(.text) refers to dcmotor.o(.constdata) for DCMotorPin
    dcmotor.o(.text) refers to dcmotor.o(.data) for pDCMotor
    dcmotor.o(.data) refers to dcmotor.o(.bss) for dcMotor
    phsensor.o(.text) refers to stm32f10x_gpio.o(.text) for GPIO_ReadInputDataBit
    phsensor.o(.text) refers to stm32f10x_rcc.o(.text) for RCC_APB2PeriphClockCmd
    phsensor.o(.text) refers to hmi_driver.o(.text) for SetButtonValue
    phsensor.o(.text) refers to phsensor.o(.bss) for phSensor
    phsensor.o(.text) refers to phsensor.o(.constdata) for phSensorPin
    phsensor.o(.data) refers to phsensor.o(.bss) for phSensor
    relaymos.o(.text) refers to stm32f10x_rcc.o(.text) for RCC_APB2PeriphClockCmd
    relaymos.o(.text) refers to stm32f10x_gpio.o(.text) for GPIO_Init
    stepmotor.o(.text) refers to stm32f10x_tim.o(.text) for TIM_SetCounter
    stepmotor.o(.text) refers to stm32f10x_gpio.o(.text) for GPIO_SetBits
    stepmotor.o(.text) refers to stm32f10x_rcc.o(.text) for RCC_APB2PeriphClockCmd
    stepmotor.o(.text) refers to misc.o(.text) for NVIC_Init
    stepmotor.o(.text) refers to stepmotor.o(.bss) for stepMotor
    stepmotor.o(.text) refers to stepmotor.o(.constdata) for StepMotorPin
    stepmotor.o(.text) refers to stepmotor.o(.data) for cnt
    stepmotor.o(.data) refers to stepmotor.o(.bss) for stepMotor
    24cxx.o(.text) refers to myiic.o(.text) for IIC_Init
    24cxx.o(.text) refers to delay.o(.text) for delay_ms
[...]
    TIM_OC2FastConfig                        0x0800422f   Thumb Code    26  stm32f10x_tim.o(.text)
    TIM_OC3FastConfig                        0x08004249   Thumb Code    18  stm32f10x_tim.o(.text)
    TIM_OC4FastConfig                        0x0800425b   Thumb Code    26  stm32f10x_tim.o(.text)
    TIM_ClearOC1Ref                          0x08004275   Thumb Code    18  stm32f10x_tim.o(.text)
    TIM_ClearOC2Ref                          0x08004287   Thumb Code    24  stm32f10x_tim.o(.text)
    TIM_ClearOC3Ref                          0x0800429f   Thumb Code    18  stm32f10x_tim.o(.text)
    TIM_ClearOC4Ref                          0x080042b1   Thumb Code    24  stm32f10x_tim.o(.text)
    TIM_OC1PolarityConfig                    0x080042c9   Thumb Code    18  stm32f10x_tim.o(.text)
    TIM_OC1NPolarityConfig                   0x080042db   Thumb Code    18  stm32f10x_tim.o(.text)
    TIM_OC2PolarityConfig                    0x080042ed   Thumb Code    26  stm32f10x_tim.o(.text)
    TIM_OC2NPolarityConfig                   0x08004307   Thumb Code    26  stm32f10x_tim.o(.text)
    TIM_OC3PolarityConfig                    0x08004321   Thumb Code    26  stm32f10x_tim.o(.text)
    TIM_OC3NPolarityConfig                   0x0800433b   Thumb Code    26  stm32f10x_tim.o(.text)
    TIM_OC4PolarityConfig                    0x08004355   Thumb Code    26  stm32f10x_tim.o(.text)
    TIM_CCxCmd                               0x0800436f   Thumb Code    30  stm32f10x_tim.o(.text)
    TIM_CCxNCmd                              0x0800438d   Thumb Code    30  stm32f10x_tim.o(.text)
    TIM_SelectOCxM                           0x080043ab   Thumb Code    82  stm32f10x_tim.o(.text)
    TIM_UpdateDisableConfig                  0x080043fd   Thumb Code    24  stm32f10x_tim.o(.text)
    TIM_UpdateRequestConfig                  0x08004415   Thumb Code    24  stm32f10x_tim.o(.text)
    TIM_SelectHallSensor                     0x0800442d   Thumb Code    24  stm32f10x_tim.o(.text)
    TIM_SelectOnePulseMode                   0x08004445   Thumb Code    18  stm32f10x_tim.o(.text)
    TIM_SelectOutputTrigger                  0x08004457   Thumb Code    18  stm32f10x_tim.o(.text)
    TIM_SelectSlaveMode                      0x08004469   Thumb Code    18  stm32f10x_tim.o(.text)
    TIM_SelectMasterSlaveMode                0x0800447b   Thumb Code    18  stm32f10x_tim.o(.text)
    TIM_SetCounter                           0x0800448d   Thumb Code     4  stm32f10x_tim.o(.text)
    TIM_SetAutoreload                        0x08004491   Thumb Code     4  stm32f10x_tim.o(.text)
    TIM_SetCompare1                          0x08004495   Thumb Code     4  stm32f10x_tim.o(.text)
    TIM_SetCompare2                          0x08004499   Thumb Code     4  stm32f10x_tim.o(.text)
    TIM_SetCompare3                          0x0800449d   Thumb Code     4  stm32f10x_tim.o(.text)
    TIM_SetCompare4                          0x080044a1   Thumb Code     6  stm32f10x_tim.o(.text)
    TIM_SetClockDivision                     0x080044a7   Thumb Code    18  stm32f10x_tim.o(.text)
    TIM_GetCapture1                          0x080044b9   Thumb Code     6  stm32f10x_tim.o(.text)
    TIM_GetCapture2                          0x080044bf   Thumb Code     6  stm32f10x_tim.o(.text)
    TIM_GetCapture3                          0x080044c5   Thumb Code     6  stm32f10x_tim.o(.text)
    TIM_GetCapture4                          0x080044cb   Thumb Code     8  stm32f10x_tim.o(.text)
    TIM_GetCounter                           0x080044d3   Thumb Code     6  stm32f10x_tim.o(.text)
    TIM_GetPrescaler                         0x080044d9   Thumb Code     6  stm32f10x_tim.o(.text)
    TIM_GetFlagStatus                        0x080044df   Thumb Code    18  stm32f10x_tim.o(.text)
    TIM_ClearFlag                            0x080044f1   Thumb Code     6  stm32f10x_tim.o(.text)
    TIM_GetITStatus                          0x080044f7   Thumb Code    34  stm32f10x_tim.o(.text)
    TIM_ClearITPendingBit                    0x08004519   Thumb Code     6  stm32f10x_tim.o(.text)
    ADC_DeInit                               0x08004521   Thumb Code    78  stm32f10x_adc.o(.text)
    ADC_Init                                 0x0800456f   Thumb Code    70  stm32f10x_adc.o(.text)
    ADC_StructInit                           0x080045b5   Thumb Code    18  stm32f10x_adc.o(.text)
    ADC_Cmd                                  0x080045c7   Thumb Code    22  stm32f10x_adc.o(.text)
    ADC_DMACmd                               0x080045dd   Thumb Code    22  stm32f10x_adc.o(.text)
    ADC_ITConfig                             0x080045f3   Thumb Code    24  stm32f10x_adc.o(.text)
    ADC_ResetCalibration                     0x0800460b   Thumb Code    10  stm32f10x_adc.o(.text)
    ADC_GetResetCalibrationStatus            0x08004615   Thumb Code    20  stm32f10x_adc.o(.text)
    ADC_StartCalibration                     0x08004629   Thumb Code    10  stm32f10x_adc.o(.text)
    ADC_GetCalibrationStatus                 0x08004633   Thumb Code    20  stm32f10x_adc.o(.text)
    ADC_SoftwareStartConvCmd                 0x08004647   Thumb Code    22  stm32f10x_adc.o(.text)
    ADC_GetSoftwareStartConvStatus           0x0800465d   Thumb Code    20  stm32f10x_adc.o(.text)
    ADC_DiscModeChannelCountConfig           0x08004671   Thumb Code    24  stm32f10x_adc.o(.text)
    ADC_DiscModeCmd                          0x08004689   Thumb Code    22  stm32f10x_adc.o(.text)
    ADC_RegularChannelConfig                 0x0800469f   Thumb Code   184  stm32f10x_adc.o(.text)
    ADC_ExternalTrigConvCmd                  0x08004757   Thumb Code    22  stm32f10x_adc.o(.text)
    ADC_GetConversionValue                   0x0800476d   Thumb Code     8  stm32f10x_adc.o(.text)
    ADC_GetDualModeConversionValue           0x08004775   Thumb Code     8  stm32f10x_adc.o(.text)
    ADC_AutoInjectedConvCmd                  0x0800477d   Thumb Code    22  stm32f10x_adc.o(.text)
    ADC_InjectedDiscModeCmd                  0x08004793   Thumb Code    22  stm32f10x_adc.o(.text)
    ADC_ExternalTrigInjectedConvConfig       0x080047a9   Thumb Code    16  stm32f10x_adc.o(.text)
    ADC_ExternalTrigInjectedConvCmd          0x080047b9   Thumb Code    22  stm32f10x_adc.o(.text)
    ADC_SoftwareStartInjectedConvCmd         0x080047cf   Thumb Code    22  stm32f10x_adc.o(.text)
    ADC_GetSoftwareStartInjectedConvCmdStatus 0x080047e5   Thumb Code    20  stm32f10x_adc.o(.text)
    ADC_InjectedChannelConfig                0x080047f9   Thumb Code   130  stm32f10x_adc.o(.text)
    ADC_InjectedSequencerLengthConfig        0x0800487b   Thumb Code    24  stm32f10x_adc.o(.text)
    ADC_SetInjectedOffset                    0x08004893   Thumb Code    20  stm32f10x_adc.o(.text)
    ADC_GetInjectedConversionValue           0x080048a7   Thumb Code    28  stm32f10x_adc.o(.text)
    ADC_AnalogWatchdogCmd                    0x080048c3   Thumb Code    16  stm32f10x_adc.o(.text)
    ADC_AnalogWatchdogThresholdsConfig       0x080048d3   Thumb Code     6  stm32f10x_adc.o(.text)
    ADC_AnalogWatchdogSingleChannelConfig    0x080048d9   Thumb Code    16  stm32f10x_adc.o(.text)
    ADC_TempSensorVrefintCmd                 0x080048e9   Thumb Code    64  stm32f10x_adc.o(.text)
    ADC_GetFlagStatus                        0x08004929   Thumb Code    18  stm32f10x_adc.o(.text)
    ADC_ClearFlag                            0x0800493b   Thumb Code     6  stm32f10x_adc.o(.text)
    ADC_GetITStatus                          0x08004941   Thumb Code    36  stm32f10x_adc.o(.text)
    ADC_ClearITPendingBit                    0x08004965   Thumb Code    10  stm32f10x_adc.o(.text)
    IWDG_WriteAccessCmd                      0x08004971   Thumb Code     6  stm32f10x_iwdg.o(.text)
    IWDG_SetPrescaler                        0x08004977   Thumb Code     6  stm32f10x_iwdg.o(.text)
    IWDG_SetReload                           0x0800497d   Thumb Code     6  stm32f10x_iwdg.o(.text)
    IWDG_ReloadCounter                       0x08004983   Thumb Code    10  stm32f10x_iwdg.o(.text)
    IWDG_Enable                              0x0800498d   Thumb Code    10  stm32f10x_iwdg.o(.text)
    IWDG_GetFlagStatus                       0x08004997   Thumb Code    20  stm32f10x_iwdg.o(.text)
    DMA_DeInit                               0x080049b1   Thumb Code   324  stm32f10x_dma.o(.text)
    DMA_Init                                 0x08004af5   Thumb Code    60  stm32f10x_dma.o(.text)
    DMA_StructInit                           0x08004b31   Thumb Code    26  stm32f10x_dma.o(.text)
    DMA_Cmd                                  0x08004b4b   Thumb Code    24  stm32f10x_dma.o(.text)
    DMA_ITConfig                             0x08004b63   Thumb Code    18  stm32f10x_dma.o(.text)
    DMA_SetCurrDataCounter                   0x08004b75   Thumb Code     4  stm32f10x_dma.o(.text)
    DMA_GetCurrDataCounter                   0x08004b79   Thumb Code     8  stm32f10x_dma.o(.text)
    DMA_GetFlagStatus                        0x08004b81   Thumb Code    40  stm32f10x_dma.o(.text)
    DMA_ClearFlag                            0x08004ba9   Thumb Code    22  stm32f10x_dma.o(.text)
    DMA_GetITStatus                          0x08004bbf   Thumb Code    40  stm32f10x_dma.o(.text)
    DMA_ClearITPendingBit                    0x08004be7   Thumb Code    22  stm32f10x_dma.o(.text)
    xEventGroupCreate                        0x08004c05   Thumb Code    26  event_groups.o(.text)
    xEventGroupSetBits                       0x08004c1f   Thumb Code   206  event_groups.o(.text)
    xEventGroupSync                          0x08004ced   Thumb Code   264  event_groups.o(.text)
    xEventGroupWaitBits                      0x08004e13   Thumb Code   334  event_groups.o(.text)
    xEventGroupClearBits                     0x08004f61   Thumb Code    92  event_groups.o(.text)
    xEventGroupGetBitsFromISR                0x08004fbd   Thumb Code    44  event_groups.o(.text)
    vEventGroupDelete                        0x08004fe9   Thumb Code    82  event_groups.o(.text)
    vEventGroupSetBitsCallback               0x0800503b   Thumb Code    16  event_groups.o(.text)
    vEventGroupClearBitsCallback             0x0800504b   Thumb Code    16  event_groups.o(.text)
    uxEventGroupGetNumber                    0x0800505b   Thumb Code    14  event_groups.o(.text)
    pxPortInitialiseStack                    0x080050a9   Thumb Code    30  port.o(.text)
    vPortSetupTimerInterrupt                 0x080050c7   Thumb Code    26  port.o(.text)
    xPortStartScheduler                      0x080050e1   Thumb Code   140  port.o(.text)
    vPortEndScheduler                        0x0800516d   Thumb Code    42  port.o(.text)
    vPortEnterCritical                       0x08005197   Thumb Code    78  port.o(.text)
    vPortExitCritical                        0x080051e5   Thumb Code    56  port.o(.text)
    SysTick_Handler                          0x0800521d   Thumb Code    48  port.o(.text)
    vPortValidateInterruptPriority           0x0800524d   Thumb Code   108  port.o(.text)
    pvPortMalloc                             0x08005397   Thumb Code   296  heap_4.o(.text)
    vPortFree                                0x080054bf   Thumb Code   140  heap_4.o(.text)
    xPortGetFreeHeapSize                     0x0800554b   Thumb Code     6  heap_4.o(.text)
    xPortGetMinimumEverFreeHeapSize          0x08005551   Thumb Code     6  heap_4.o(.text)
    vPortInitialiseBlocks                    0x08005557   Thumb Code     2  heap_4.o(.text)
    xTaskCreate                              0x08005709   Thumb Code    96  tasks.o(.text)
    vTaskDelete                              0x080057a5   Thumb Code   202  tasks.o(.text)
    xTaskIncrementTick                       0x0800586f   Thumb Code   360  tasks.o(.text)
    xTaskResumeAll                           0x080059d7   Thumb Code   224  tasks.o(.text)
    vTaskSuspendAll                          0x08005b33   Thumb Code    12  tasks.o(.text)
    vTaskDelay                               0x08005b3f   Thumb Code    82  tasks.o(.text)
    eTaskGetState                            0x08005b91   Thumb Code   112  tasks.o(.text)
    uxTaskPriorityGet                        0x08005c01   Thumb Code    30  tasks.o(.text)
    uxTaskPriorityGetFromISR                 0x08005c1f   Thumb Code    62  tasks.o(.text)
    vTaskPrioritySet                         0x08005c5d   Thumb Code   260  tasks.o(.text)
    vTaskSwitchContext                       0x08005d61   Thumb Code   274  tasks.o(.text)
    vTaskSuspend                             0x08005e73   Thumb Code   196  tasks.o(.text)
    vTaskResume                              0x08005f87   Thumb Code   128  tasks.o(.text)
    xTaskResumeFromISR                       0x08006007   Thumb Code   158  tasks.o(.text)
    vTaskStartScheduler                      0x0800611b   Thumb Code   122  tasks.o(.text)
    vTaskEndScheduler                        0x08006195   Thumb Code    32  tasks.o(.text)
    xTaskGetTickCount                        0x080061b5   Thumb Code     6  tasks.o(.text)
    xTaskGetTickCountFromISR                 0x080061bb   Thumb Code    16  tasks.o(.text)
    uxTaskGetNumberOfTasks                   0x080061cb   Thumb Code     6  tasks.o(.text)
    pcTaskGetName                            0x080061d1   Thumb Code   118  tasks.o(.text)
    vTaskGetInfo                             0x0800625d   Thumb Code   114  tasks.o(.text)
    uxTaskGetSystemState                     0x08006339   Thumb Code   154  tasks.o(.text)
    vTaskPlaceOnEventList                    0x080063d3   Thumb Code    52  tasks.o(.text)
    vTaskPlaceOnUnorderedEventList           0x08006407   Thumb Code   100  tasks.o(.text)
    vTaskPlaceOnEventListRestricted          0x0800646b   Thumb Code    60  tasks.o(.text)
    xTaskRemoveFromEventList                 0x080064a7   Thumb Code   128  tasks.o(.text)
    xTaskRemoveFromUnorderedEventList        0x08006527   Thumb Code   154  tasks.o(.text)
    vTaskSetTimeOutState                     0x080065c1   Thumb Code    38  tasks.o(.text)
    xTaskCheckForTimeOut                     0x080065e7   Thumb Code   188  tasks.o(.text)
    vTaskMissedYield                         0x080066a3   Thumb Code     8  tasks.o(.text)
    uxTaskGetTaskNumber                      0x080066ab   Thumb Code    14  tasks.o(.text)
    vTaskSetTaskNumber                       0x080066b9   Thumb Code     8  tasks.o(.text)
    xTaskGetCurrentTaskHandle                0x080066c1   Thumb Code     6  tasks.o(.text)
    xTaskGetSchedulerState                   0x080066c7   Thumb Code    24  tasks.o(.text)
    vTaskPriorityInherit                     0x080066df   Thumb Code   164  tasks.o(.text)
    xTaskPriorityDisinherit                  0x08006783   Thumb Code   188  tasks.o(.text)
    vTaskList                                0x08006869   Thumb Code   204  tasks.o(.text)
    vTaskGetRunTimeStats                     0x08006935   Thumb Code   182  tasks.o(.text)
    uxTaskResetEventItemValue                0x080069eb   Thumb Code    24  tasks.o(.text)
    pvTaskIncrementMutexHeldCount            0x08006a03   Thumb Code    26  tasks.o(.text)
    ulTaskNotifyTake                         0x08006a1d   Thumb Code   180  tasks.o(.text)
    xTaskNotifyWait                          0x08006ad1   Thumb Code   150  tasks.o(.text)
    xTaskGenericNotify                       0x08006b67   Thumb Code   242  tasks.o(.text)
    xTaskGenericNotifyFromISR                0x08006c59   Thumb Code   298  tasks.o(.text)
    vTaskNotifyGiveFromISR                   0x08006d83   Thumb Code   216  tasks.o(.text)
    xTaskNotifyStateClear                    0x08006e5b   Thumb Code    48  tasks.o(.text)
    vListInitialise                          0x08006ea9   Thumb Code    26  list.o(.text)
    vListInitialiseItem                      0x08006ec3   Thumb Code     6  list.o(.text)
    vListInsertEnd                           0x08006ec9   Thumb Code    24  list.o(.text)
    vListInsert                              0x08006ee1   Thumb Code    52  list.o(.text)
    uxListRemove                             0x08006f15   Thumb Code    40  list.o(.text)
    xTimerGenericCommand                     0x08006f8d   Thumb Code   126  timers.o(.text)
    xTimerCreateTimerTask                    0x08007305   Thumb Code   116  timers.o(.text)
    xTimerCreate                             0x080073c7   Thumb Code    48  timers.o(.text)
    xTimerGetTimerDaemonTaskHandle           0x080073f7   Thumb Code    42  timers.o(.text)
    xTimerGetPeriod                          0x08007421   Thumb Code    32  timers.o(.text)
    xTimerGetExpiryTime                      0x08007441   Thumb Code    34  timers.o(.text)
    pcTimerGetName                           0x08007463   Thumb Code    32  timers.o(.text)
    xTimerIsTimerActive                      0x08007483   Thumb Code    56  timers.o(.text)
    pvTimerGetTimerID                        0x080074bb   Thumb Code    44  timers.o(.text)
    vTimerSetTimerID                         0x080074e7   Thumb Code    44  timers.o(.text)
    xQueueGenericReset                       0x08007519   Thumb Code   146  queue.o(.text)
    xQueueGenericCreate                      0x080075d9   Thumb Code    88  queue.o(.text)
    xQueueGenericSend                        0x080077ed   Thumb Code   460  queue.o(.text)
    xQueueCreateMutex                        0x080079d5   Thumb Code    34  queue.o(.text)
    xQueueCreateCountingSemaphore            0x080079f7   Thumb Code    92  queue.o(.text)
    xQueueGenericSendFromISR                 0x08007a53   Thumb Code   264  queue.o(.text)
    xQueueGiveFromISR                        0x08007b5b   Thumb Code   246  queue.o(.text)
    xQueueGenericReceive                     0x08007c95   Thumb Code   452  queue.o(.text)
    xQueueReceiveFromISR                     0x08007e59   Thumb Code   202  queue.o(.text)
    xQueuePeekFromISR                        0x08007f23   Thumb Code   176  queue.o(.text)
    uxQueueMessagesWaiting                   0x08007fd3   Thumb Code    42  queue.o(.text)
    uxQueueSpacesAvailable                   0x08007ffd   Thumb Code    48  queue.o(.text)
    uxQueueMessagesWaitingFromISR            0x0800802d   Thumb Code    30  queue.o(.text)
    vQueueUnregisterQueue                    0x0800804b   Thumb Code    44  queue.o(.text)
    vQueueDelete                             0x08008077   Thumb Code    44  queue.o(.text)
    uxQueueGetQueueNumber                    0x080080a3   Thumb Code     6  queue.o(.text)
    vQueueSetQueueNumber                     0x080080a9   Thumb Code     4  queue.o(.text)
    ucQueueGetQueueType                      0x080080ad   Thumb Code     8  queue.o(.text)
    xQueueIsQueueEmptyFromISR                0x080080b5   Thumb Code    38  queue.o(.text)
    xQueueIsQueueFullFromISR                 0x080080db   Thumb Code    42  queue.o(.text)
    vQueueAddToRegistry                      0x08008105   Thumb Code    38  queue.o(.text)
    pcQueueGetName                           0x0800812b   Thumb Code    38  queue.o(.text)
    vQueueWaitForMessageRestricted           0x08008151   Thumb Code    74  queue.o(.text)
    xQueueCreateSet                          0x0800819b   Thumb Code    20  queue.o(.text)
    xQueueAddToSet                           0x080081af   Thumb Code    38  queue.o(.text)
    xQueueRemoveFromSet                      0x080081d5   Thumb Code    56  queue.o(.text)
    xQueueSelectFromSet                      0x0800820d   Thumb Code    26  queue.o(.text)
    xQueueSelectFromSetFromISR               0x08008227   Thumb Code    22  queue.o(.text)
    NotifyReset                              0x0800823d   Thumb Code     8  cmd_process.o(.text)
    NotifyTimer                              0x08008245   Thumb Code     8  cmd_process.o(.text)
    NotifySelector                           0x0800824d   Thumb Code     2  cmd_process.o(.text)
    NotifyMenu                               0x0800824f   Thumb Code    36  cmd_process.o(.text)
    NotifyMeter                              0x08008273   Thumb Code     2  cmd_process.o(.text)
    NotifySlider                             0x08008275   Thumb Code     2  cmd_process.o(.text)
    NotifyProgress                           0x08008277   Thumb Code     2  cmd_process.o(.text)
    NotifyText                               0x08008279   Thumb Code    78  cmd_process.o(.text)
    NotifyButton                             0x080082c7   Thumb Code   174  cmd_process.o(.text)
    NotifyScreen                             0x08008375   Thumb Code     2  cmd_process.o(.text)
    NotifyWriteFlash                         0x08008377   Thumb Code     2  cmd_process.o(.text)
    ProcessMessage                           0x08008379   Thumb Code   308  cmd_process.o(.text)
    SetTextValueInt32                        0x080084ad   Thumb Code    38  cmd_process.o(.text)
    StringToInt32                            0x080084d3   Thumb Code    22  cmd_process.o(.text)
    SetTextValueFloat                        0x080084e9   Thumb Code    52  cmd_process.o(.text)
    StringToFloat                            0x0800851d   Thumb Code    22  cmd_process.o(.text)
    NotifyTouchXY                            0x08008533   Thumb Code     2  cmd_process.o(.text)
    NotifyReadFlash                          0x08008535   Thumb Code     2  cmd_process.o(.text)
    NotifyReadRTC                            0x08008537   Thumb Code     8  cmd_process.o(.text)
    queue_reset                              0x080085d9   Thumb Code    18  cmd_queue.o(.text)
    queue_push                               0x080085eb   Thumb Code    42  cmd_queue.o(.text)
    queue_pop                                0x08008615   Thumb Code    44  cmd_queue.o(.text)
    queue_find_cmd                           0x0800865b   Thumb Code   122  cmd_queue.o(.text)
    DelayMS                                  0x080086e1   Thumb Code    24  hmi_driver.o(.text)
    SendStrings                              0x080086f9   Thumb Code    22  hmi_driver.o(.text)
    SendNU8                                  0x0800870f   Thumb Code    26  hmi_driver.o(.text)
    SendNU16                                 0x08008729   Thumb Code    38  hmi_driver.o(.text)
    SetHandShake                             0x0800874f   Thumb Code    40  hmi_driver.o(.text)
    ResetDevice                              0x08008777   Thumb Code    64  hmi_driver.o(.text)
    SetFcolor                                0x080087b7   Thumb Code    54  hmi_driver.o(.text)
    SetBcolor                                0x080087ed   Thumb Code    54  hmi_driver.o(.text)
    ColorPicker                              0x08008823   Thumb Code    76  hmi_driver.o(.text)
    GUI_CleanScreen                          0x0800886f   Thumb Code    40  hmi_driver.o(.text)
    SetTextSpace                             0x08008897   Thumb Code    56  hmi_driver.o(.text)
    SetFont_Region                           0x080088cf   Thumb Code    76  hmi_driver.o(.text)
    SetFilterColor                           0x0800891b   Thumb Code    68  hmi_driver.o(.text)
    DisText                                  0x0800895f   Thumb Code    98  hmi_driver.o(.text)
    DisCursor                                0x080089c1   Thumb Code   100  hmi_driver.o(.text)
    DisFull_Image                            0x08008a25   Thumb Code    62  hmi_driver.o(.text)
    DisArea_Image                            0x08008a63   Thumb Code    94  hmi_driver.o(.text)
    DisCut_Image                             0x08008ac1   Thumb Code   164  hmi_driver.o(.text)
    DisFlashImage                            0x08008b65   Thumb Code   106  hmi_driver.o(.text)
    GUI_Dot                                  0x08008bcf   Thumb Code    68  hmi_driver.o(.text)
    GUI_Line                                 0x08008c13   Thumb Code   100  hmi_driver.o(.text)
    GUI_ConDots                              0x08008c77   Thumb Code    66  hmi_driver.o(.text)
    GUI_ConSpaceDots                         0x08008cb9   Thumb Code    84  hmi_driver.o(.text)
    GUI_FcolorConOffsetDots                  0x08008d0d   Thumb Code    84  hmi_driver.o(.text)
    GUI_BcolorConOffsetDots                  0x08008d61   Thumb Code    84  hmi_driver.o(.text)
    SetPowerSaving                           0x08008db5   Thumb Code    76  hmi_driver.o(.text)
    GUI_FcolorConDots                        0x08008e01   Thumb Code    58  hmi_driver.o(.text)
    GUI_BcolorConDots                        0x08008e3b   Thumb Code    58  hmi_driver.o(.text)
    GUI_Circle                               0x08008e75   Thumb Code    82  hmi_driver.o(.text)
    GUI_CircleFill                           0x08008ec7   Thumb Code    82  hmi_driver.o(.text)
    GUI_Arc                                  0x08008f19   Thumb Code   120  hmi_driver.o(.text)
    GUI_Rectangle                            0x08008f91   Thumb Code   100  hmi_driver.o(.text)
    GUI_RectangleFill                        0x08008ff5   Thumb Code   100  hmi_driver.o(.text)
    GUI_Ellipse                              0x08009059   Thumb Code   100  hmi_driver.o(.text)
    GUI_EllipseFill                          0x080090bd   Thumb Code   100  hmi_driver.o(.text)
    SetBackLight                             0x08009121   Thumb Code    48  hmi_driver.o(.text)
    SetBuzzer                                0x08009151   Thumb Code    48  hmi_driver.o(.text)
    GUI_AreaInycolor                         0x08009181   Thumb Code   100  hmi_driver.o(.text)
    SetTouchPaneOption                       0x080091e5   Thumb Code    92  hmi_driver.o(.text)
    CalibrateTouchPane                       0x08009241   Thumb Code    40  hmi_driver.o(.text)
    TestTouchPane                            0x08009269   Thumb Code    40  hmi_driver.o(.text)
    LockDeviceConfig                         0x08009291   Thumb Code    64  hmi_driver.o(.text)
    UnlockDeviceConfig                       0x080092d1   Thumb Code    64  hmi_driver.o(.text)
    SetCommBps                               0x08009311   Thumb Code    48  hmi_driver.o(.text)
    WriteLayer                               0x08009341   Thumb Code    48  hmi_driver.o(.text)
    DisplyLayer                              0x08009371   Thumb Code    48  hmi_driver.o(.text)
    CopyLayer                                0x080093a1   Thumb Code    56  hmi_driver.o(.text)
    ClearLayer                               0x080093d9   Thumb Code    48  hmi_driver.o(.text)
    GUI_DispRTC                              0x08009409   Thumb Code   118  hmi_driver.o(.text)
    WriteUserFlash                           0x0800947f   Thumb Code    82  hmi_driver.o(.text)
    ReadUserFlash                            0x080094d1   Thumb Code    84  hmi_driver.o(.text)
    GetScreen                                0x08009525   Thumb Code    46  hmi_driver.o(.text)
    SetScreen                                0x08009553   Thumb Code    60  hmi_driver.o(.text)
    SetScreenUpdateEnable                    0x0800958f   Thumb Code    48  hmi_driver.o(.text)
    SetControlFocus                          0x080095bf   Thumb Code    82  hmi_driver.o(.text)
    SetControlVisiable                       0x08009611   Thumb Code    82  hmi_driver.o(.text)
    SetControlEnable                         0x08009663   Thumb Code    82  hmi_driver.o(.text)
    SetButtonValue                           0x080096b5   Thumb Code    82  hmi_driver.o(.text)
    SetTextValue                             0x08009707   Thumb Code    82  hmi_driver.o(.text)
    SetTextInt32                             0x08009759   Thumb Code   140  hmi_driver.o(.text)
    SetTextFloat                             0x080097e5   Thumb Code   136  hmi_driver.o(.text)
    SetProgressValue                         0x0800986d   Thumb Code   104  hmi_driver.o(.text)
    SetMeterValue                            0x080098d5   Thumb Code   104  hmi_driver.o(.text)
    SetSliderValue                           0x0800993d   Thumb Code   104  hmi_driver.o(.text)
    SetSelectorValue                         0x080099a5   Thumb Code    82  hmi_driver.o(.text)
    GetControlValue                          0x080099f7   Thumb Code    74  hmi_driver.o(.text)
    AnimationStart                           0x08009a41   Thumb Code    74  hmi_driver.o(.text)
    AnimationStop                            0x08009a8b   Thumb Code    74  hmi_driver.o(.text)
    AnimationPause                           0x08009ad5   Thumb Code    74  hmi_driver.o(.text)
    AnimationPlayFrame                       0x08009b1f   Thumb Code    82  hmi_driver.o(.text)
    AnimationPlayPrev                        0x08009b71   Thumb Code    74  hmi_driver.o(.text)
    AnimationPlayNext                        0x08009bbb   Thumb Code    74  hmi_driver.o(.text)
    GraphChannelAdd                          0x08009c05   Thumb Code   100  hmi_driver.o(.text)
    GraphChannelDel                          0x08009c69   Thumb Code    82  hmi_driver.o(.text)
    GraphChannelDataAdd                      0x08009cbb   Thumb Code   110  hmi_driver.o(.text)
    GraphChannelDataClear                    0x08009d29   Thumb Code    82  hmi_driver.o(.text)
    GraphSetViewport                         0x08009d7b   Thumb Code   144  hmi_driver.o(.text)
    BatchBegin                               0x08009e0b   Thumb Code    36  hmi_driver.o(.text)
    BatchSetButtonValue                      0x08009e2f   Thumb Code    38  hmi_driver.o(.text)
    BatchSetProgressValue                    0x08009e55   Thumb Code    60  hmi_driver.o(.text)
    BatchSetSliderValue                      0x08009e91   Thumb Code    60  hmi_driver.o(.text)
    BatchSetMeterValue                       0x08009ecd   Thumb Code    60  hmi_driver.o(.text)
    GetStringLen                             0x08009f09   Thumb Code    18  hmi_driver.o(.text)
    BatchSetText                             0x08009f1b   Thumb Code    56  hmi_driver.o(.text)
    BatchSetFrame                            0x08009f53   Thumb Code    44  hmi_driver.o(.text)
    BatchSetVisible                          0x08009f7f   Thumb Code    32  hmi_driver.o(.text)
    BatchSetEnable                           0x08009f9f   Thumb Code    32  hmi_driver.o(.text)
    BatchEnd                                 0x08009fbf   Thumb Code    28  hmi_driver.o(.text)
    SeTimer                                  0x08009fdb   Thumb Code   104  hmi_driver.o(.text)
    StartTimer                               0x0800a043   Thumb Code    74  hmi_driver.o(.text)
    StopTimer                                0x0800a08d   Thumb Code    74  hmi_driver.o(.text)
    PauseTimer                               0x0800a0d7   Thumb Code    74  hmi_driver.o(.text)
    SetControlBackColor                      0x0800a121   Thumb Code    88  hmi_driver.o(.text)
    SetControlForeColor                      0x0800a179   Thumb Code    88  hmi_driver.o(.text)
    ShowPopupMenu                            0x0800a1d1   Thumb Code   100  hmi_driver.o(.text)
    ShowKeyboard                             0x0800a235   Thumb Code   108  hmi_driver.o(.text)
    SetLanguage                              0x0800a2a1   Thumb Code    68  hmi_driver.o(.text)
    FlashBeginSaveControl                    0x0800a2e5   Thumb Code    82  hmi_driver.o(.text)
    FlashSaveControl                         0x0800a337   Thumb Code    32  hmi_driver.o(.text)
    FlashEndSaveControl                      0x0800a357   Thumb Code    28  hmi_driver.o(.text)
    FlashRestoreControl                      0x0800a373   Thumb Code   106  hmi_driver.o(.text)
    UartInit                                 0x0800a3dd   Thumb Code   168  hmi_user_uart.o(.text)
    SendChar                                 0x0800a485   Thumb Code    42  hmi_user_uart.o(.text)
    UART4_IRQHandler                         0x0800a4af   Thumb Code    62  hmi_user_uart.o(.text)
    vTimerCallback                           0x0800a4f5   Thumb Code    40  managerment.o(.text)
    initSoftwareTimer                        0x0800a51d   Thumb Code    90  managerment.o(.text)
    initUI                                   0x0800a577   Thumb Code  1538  managerment.o(.text)
    reflashMainPageButton                    0x0800ab79   Thumb Code   368  managerment.o(.text)
    Cutoff1PID                               0x0800ace9   Thumb Code   296  managerment.o(.text)
    Cutoff2PID                               0x0800ae11   Thumb Code   226  managerment.o(.text)
    HeatingPID                               0x0800aef3   Thumb Code   132  managerment.o(.text)
    UITask                                   0x0800af77   Thumb Code   650  managerment.o(.text)
    Clamp1Task                               0x0800b201   Thumb Code    36  managerment.o(.text)
    Clamp2Task                               0x0800b225   Thumb Code    36  managerment.o(.text)
    Cutoff1Task                              0x0800b249   Thumb Code   276  managerment.o(.text)
    Cutoff2Task                              0x0800b35d   Thumb Code   278  managerment.o(.text)
    SeparationTask                           0x0800b473   Thumb Code    36  managerment.o(.text)
    DislocationTask                          0x0800b497   Thumb Code    84  managerment.o(.text)
    HeatingUpTask                            0x0800b4eb   Thumb Code    58  managerment.o(.text)
    Clamp1                                   0x0800b551   Thumb Code   112  project.o(.text)
    Clamp2                                   0x0800b5c1   Thumb Code   112  project.o(.text)
    Cutoff1                                  0x0800b631   Thumb Code   230  project.o(.text)
    Cutoff2                                  0x0800b717   Thumb Code   222  project.o(.text)
    Separation                               0x0800b7f5   Thumb Code    90  project.o(.text)
    Dislocation                              0x0800b84f   Thumb Code   104  project.o(.text)
    DislocationDistance                      0x0800b8b7   Thumb Code    80  project.o(.text)
    Heating                                  0x0800b907   Thumb Code    88  project.o(.text)
    HeatingUp                                0x0800b95f   Thumb Code   224  project.o(.text)
    HalfResetOriginStatus                    0x0800ba3f   Thumb Code   204  project.o(.text)
    ResetOriginStatus                        0x0800bb0b   Thumb Code   456  project.o(.text)
    AutoRun                                  0x0800bcd3   Thumb Code  1050  project.o(.text)
    AutoRun_Cutoff1                          0x0800c0ed   Thumb Code   318  project.o(.text)
    AutoRun_Cutoff2                          0x0800c22b   Thumb Code   212  project.o(.text)
    ProjectTask                              0x0800c2ff   Thumb Code  1938  project.o(.text)
    GetChipID                                0x0800ca91   Thumb Code    14  misc_1.o(.text)
    tips1PageButtonProcess                   0x0800caa9   Thumb Code    32  mainpage.o(.text)
    logoPageButtonProcess                    0x0800cac9   Thumb Code    46  mainpage.o(.text)
    mainPageButtonProcess                    0x0800caf7   Thumb Code    24  mainpage.o(.text)
    manualPageButtonProcess                  0x0800cb61   Thumb Code   236  manualpage.o(.text)
    inputPageButtonProcess                   0x0800cc6d   Thumb Code    34  inputpage.o(.text)
    aboutPageButtonProcess                   0x0800ccb1   Thumb Code   184  aboutpage.o(.text)
    statusPageButtonProcess                  0x0800cd89   Thumb Code   196  statuspage.o(.text)
    statusPageEditProcess                    0x0800ce4d   Thumb Code    20  statuspage.o(.text)
    tempparaPageButtonProcess                0x0800ce9d   Thumb Code    68  tempparapage.o(.text)
    tempparaPageEditProcess                  0x0800cee1   Thumb Code   530  tempparapage.o(.text)
    timeparaPageButtonProcess                0x0800d135   Thumb Code    24  timeparapage.o(.text)
    timeparaPageEditProcess                  0x0800d14d   Thumb Code   340  timeparapage.o(.text)
    manualrawPageButtonProcess               0x0800d2c1   Thumb Code   618  manualrawpage.o(.text)
    motorparaPageEditProcess                 0x0800d555   Thumb Code   244  motorparapage.o(.text)
    motorparaPageButtonProcess               0x0800d649   Thumb Code    24  motorparapage.o(.text)
    setupPageButtonProcess                   0x0800d6a1   Thumb Code  1014  setuppage.o(.text)
    permitPageButtonProcess                  0x0800dac9   Thumb Code   290  permitpage.o(.text)
    permitPageEditProcess                    0x0800dbeb   Thumb Code    38  permitpage.o(.text)
    PID_Init                                 0x0800dc57   Thumb Code    28  pid.o(.text)
    PID_UpdateSetPoint                       0x0800dc73   Thumb Code     4  pid.o(.text)
    PID_UpdateActualPoint                    0x0800dc77   Thumb Code     4  pid.o(.text)
    PID_Calc                                 0x0800dc7b   Thumb Code   126  pid.o(.text)
    __use_no_semihosting                     0x0800dcfd   Thumb Code     2  use_no_semi_2.o(.text)
    __2printf                                0x0800dd01   Thumb Code    20  noretval__2printf.o(.text)
    __2sprintf                               0x0800dd19   Thumb Code    34  noretval__2sprintf.o(.text)
    _printf_str                              0x0800dd41   Thumb Code    82  _printf_str.o(.text)
    _printf_int_dec                          0x0800dd95   Thumb Code   104  _printf_dec.o(.text)
    __printf                                 0x0800de0d   Thumb Code   352  __printf_ss_wp.o(.text)
    __0sscanf                                0x0800df6d   Thumb Code    52  __0sscanf.o(.text)
    _scanf_int                               0x0800dfa9   Thumb Code   332  _scanf_int.o(.text)
    srand                                    0x0800e0f5   Thumb Code    42  rand.o(.text)
    _rand_init                               0x0800e11f   Thumb Code     4  rand.o(.text)
    strcpy                                   0x0800e131   Thumb Code    72  strcpy.o(.text)
    strlen                                   0x0800e179   Thumb Code    62  strlen.o(.text)
    __aeabi_memcpy                           0x0800e1b7   Thumb Code     0  rt_memcpy_v6.o(.text)
    __rt_memcpy                              0x0800e1b7   Thumb Code   138  rt_memcpy_v6.o(.text)
    _memcpy_lastbytes                        0x0800e21d   Thumb Code     0  rt_memcpy_v6.o(.text)
    __aeabi_memset                           0x0800e241   Thumb Code    16  aeabi_memset.o(.text)
    __use_two_region_memory                  0x0800e251   Thumb Code     2  heapauxi.o(.text)
    __rt_heap_escrow$2region                 0x0800e253   Thumb Code     2  heapauxi.o(.text)
    __rt_heap_expand$2region                 0x0800e255   Thumb Code     2  heapauxi.o(.text)
    __I$use$semihosting                      0x0800e257   Thumb Code     0  use_no_semi.o(.text)
    __use_no_semihosting_swi                 0x0800e257   Thumb Code     2  use_no_semi.o(.text)
    _printf_int_common                       0x0800e259   Thumb Code   178  _printf_intcommon.o(.text)
    __lib_sel_fp_printf                      0x0800e30b   Thumb Code     2  _printf_fp_dec.o(.text)
    _printf_fp_dec_real                      0x0800e4b9   Thumb Code   620  _printf_fp_dec.o(.text)
    _printf_char_common                      0x0800e72f   Thumb Code    32  _printf_char_common.o(.text)
    _sputc                                   0x0800e755   Thumb Code    10  _sputc.o(.text)
    _printf_cs_common                        0x0800e75f   Thumb Code    20  _printf_char.o(.text)
    _printf_char                             0x0800e773   Thumb Code    16  _printf_char.o(.text)
    _printf_string                           0x0800e783   Thumb Code     8  _printf_char.o(.text)
    _printf_char_file                        0x0800e78d   Thumb Code    32  _printf_char_file.o(.text)
    _chval                                   0x0800e7b1   Thumb Code    28  _chval.o(.text)
    _scanf_really_real                       0x0800e9c9   Thumb Code   668  scanf_fp.o(.text)
    __vfscanf_char                           0x0800ec7d   Thumb Code    24  scanf_char.o(.text)
    _sgetc                                   0x0800ec9d   Thumb Code    30  _sgetc.o(.text)
    _sbackspace                              0x0800ecbb   Thumb Code    34  _sgetc.o(.text)
    __aeabi_memcpy4                          0x0800ecdd   Thumb Code     0  rt_memcpy_w.o(.text)
    __aeabi_memcpy8                          0x0800ecdd   Thumb Code     0  rt_memcpy_w.o(.text)
    __rt_memcpy_w                            0x0800ecdd   Thumb Code   100  rt_memcpy_w.o(.text)
    _memcpy_lastbytes_aligned                0x0800ed25   Thumb Code     0  rt_memcpy_w.o(.text)
    __aeabi_memclr                           0x0800ed41   Thumb Code     0  rt_memclr.o(.text)
    __rt_memclr                              0x0800ed41   Thumb Code    68  rt_memclr.o(.text)
    _memset                                  0x0800ed45   Thumb Code     0  rt_memclr.o(.text)
    __rt_locale                              0x0800ed85   Thumb Code     8  rt_locale_intlibspace.o(.text)
    __aeabi_errno_addr                       0x0800ed8d   Thumb Code     8  rt_errno_addr_intlibspace.o(.text)
    __errno$intlibspace                      0x0800ed8d   Thumb Code     0  rt_errno_addr_intlibspace.o(.text)
    __rt_errno_addr$intlibspace              0x0800ed8d   Thumb Code     0  rt_errno_addr_intlibspace.o(.text)
    _ll_udiv10                               0x0800ed95   Thumb Code   138  lludiv10.o(.text)
    isspace                                  0x0800ee1f   Thumb Code    18  isspace.o(.text)
    _printf_fp_infnan                        0x0800ee31   Thumb Code   112  _printf_fp_infnan.o(.text)
    __vfscanf                                0x0800eeb1   Thumb Code   878  _scanf.o(.text)
    _btod_etento                             0x0800f225   Thumb Code   216  bigflt0.o(.text)
    ferror                                   0x0800f301   Thumb Code     8  ferror.o(.text)
    __aeabi_memclr4                          0x0800f309   Thumb Code     0  rt_memclr_w.o(.text)
    __aeabi_memclr8                          0x0800f309   Thumb Code     0  rt_memclr_w.o(.text)
    __rt_memclr_w                            0x0800f309   Thumb Code    78  rt_memclr_w.o(.text)
    _memset_w                                0x0800f30d   Thumb Code     0  rt_memclr_w.o(.text)
    __user_libspace                          0x0800f359   Thumb Code     8  libspace.o(.text)
    __user_perproc_libspace                  0x0800f359   Thumb Code     0  libspace.o(.text)
    __user_perthread_libspace                0x0800f359   Thumb Code     0  libspace.o(.text)
    __user_setup_stackheap                   0x0800f361   Thumb Code    74  sys_stackheap_outer.o(.text)
    __rt_ctype_table                         0x0800f3ad   Thumb Code    16  rt_ctype_table.o(.text)
    __read_errno                             0x0800f3bd   Thumb Code    10  _rserrno.o(.text)
    __set_errno                              0x0800f3c7   Thumb Code    12  _rserrno.o(.text)
    _scanf_really_hex_real                   0x0800f3d5   Thumb Code   778  scanf_hexfp.o(.text)
    _scanf_really_infnan                     0x0800f6ed   Thumb Code   292  scanf_infnan.o(.text)
    exit                                     0x0800f821   Thumb Code    12  exit.o(.text)
    strcmp                                   0x0800f82d   Thumb Code   128  strcmpv7m.o(.text)
    __aeabi_llsl                             0x0800f8ad   Thumb Code     0  llshl.o(.text)
    _ll_shift_l                              0x0800f8ad   Thumb Code    38  llshl.o(.text)
    _btod_d2e                                0x0800f8d3   Thumb Code    62  btod.o(CL$$btod_d2e)
    _d2e_denorm_low                          0x0800f911   Thumb Code    70  btod.o(CL$$btod_d2e_denorm_low)
    _d2e_norm_op1                            0x0800f957   Thumb Code    96  btod.o(CL$$btod_d2e_norm_op1)
    __btod_div_common                        0x0800f9b7   Thumb Code   696  btod.o(CL$$btod_div_common)
    _e2d                                     0x0800fcf1   Thumb Code    80  btod.o(CL$$btod_e2d)
    _e2e                                     0x0800fd45   Thumb Code   198  btod.o(CL$$btod_e2e)
    _btod_ediv                               0x0800fe0b   Thumb Code    40  btod.o(CL$$btod_ediv)
    _btod_edivd                              0x0800fe33   Thumb Code    40  btod.o(CL$$btod_edivd)
    _btod_emul                               0x0800fe5b   Thumb Code    40  btod.o(CL$$btod_emul)
    _btod_emuld                              0x0800fe83   Thumb Code    40  btod.o(CL$$btod_emuld)
    __btod_mult_common                       0x0800feab   Thumb Code   580  btod.o(CL$$btod_mult_common)
    __ARM_fpclassify                         0x080100ef   Thumb Code    40  fpclassify.o(i.__ARM_fpclassify)
    __mathlib_dbl_overflow                   0x08010117   Thumb Code    14  dunder.o(i.__mathlib_dbl_overflow)
    __mathlib_dbl_underflow                  0x08010125   Thumb Code    10  dunder.o(i.__mathlib_dbl_underflow)
    __mathlib_narrow                         0x08010135   Thumb Code    16  narrow.o(i.__mathlib_narrow)
    __mathlib_tofloat                        0x08010145   Thumb Code   132  narrow.o(i.__mathlib_tofloat)
    __support_ldexp                          0x080101cd   Thumb Code    22  ldexp.o(i.__support_ldexp)
    _is_digit                                0x080101e3   Thumb Code    14  __printf_wp.o(i._is_digit)
    frexp                                    0x080101f1   Thumb Code    80  frexp.o(i.frexp)
    ldexp                                    0x08010249   Thumb Code   116  ldexp.o(i.ldexp)
    _get_lc_numeric                          0x080102bd   Thumb Code    44  lc_numeric_c.o(locale$$code)
    _get_lc_ctype                            0x080102e9   Thumb Code    44  lc_ctype_c.o(locale$$code)
    __aeabi_d2f                              0x08010315   Thumb Code     0  d2f.o(x$fpl$d2f)
    _d2f                                     0x08010315   Thumb Code    98  d2f.o(x$fpl$d2f)
    __fpl_dcheck_NaN1                        0x08010379   Thumb Code    10  dcheck1.o(x$fpl$dcheck1)
    __fpl_dcmp_Inf                           0x08010389   Thumb Code    24  dcmpi.o(x$fpl$dcmpinf)
    __aeabi_ddiv                             0x080103a1   Thumb Code     0  ddiv.o(x$fpl$ddiv)
    _ddiv                                    0x080103a1   Thumb Code   552  ddiv.o(x$fpl$ddiv)
    __aeabi_cdcmpeq                          0x08010651   Thumb Code     0  deqf.o(x$fpl$deqf)
    _dcmpeq                                  0x08010651   Thumb Code   120  deqf.o(x$fpl$deqf)
    __aeabi_d2uiz                            0x080106c9   Thumb Code     0  dfixu.o(x$fpl$dfixu)
    _dfixu                                   0x080106c9   Thumb Code    90  dfixu.o(x$fpl$dfixu)
    __aeabi_i2d                              0x08010723   Thumb Code     0  dflt_clz.o(x$fpl$dflt)
    _dflt                                    0x08010723   Thumb Code    46  dflt_clz.o(x$fpl$dflt)
    __aeabi_cdcmple                          0x08010751   Thumb Code     0  dleqf.o(x$fpl$dleqf)
    _dcmple                                  0x08010751   Thumb Code   120  dleqf.o(x$fpl$dleqf)
    __fpl_dcmple_InfNaN                      0x080107b3   Thumb Code     0  dleqf.o(x$fpl$dleqf)
    __aeabi_dmul                             0x080107c9   Thumb Code     0  dmul.o(x$fpl$dmul)
    _dmul                                    0x080107c9   Thumb Code   332  dmul.o(x$fpl$dmul)
    __fpl_dnaninf                            0x0801091d   Thumb Code   156  dnaninf.o(x$fpl$dnaninf)
    __fpl_dretinf                            0x080109b9   Thumb Code    12  dretinf.o(x$fpl$dretinf)
    __aeabi_cdrcmple                         0x080109c5   Thumb Code     0  drleqf.o(x$fpl$drleqf)
    _drcmple                                 0x080109c5   Thumb Code   108  drleqf.o(x$fpl$drleqf)
    __aeabi_f2d                              0x08010a31   Thumb Code     0  f2d.o(x$fpl$f2d)
    _f2d                                     0x08010a31   Thumb Code    86  f2d.o(x$fpl$f2d)
    __aeabi_fadd                             0x08010a89   Thumb Code     0  faddsub_clz.o(x$fpl$fadd)
    _fadd                                    0x08010a89   Thumb Code   196  faddsub_clz.o(x$fpl$fadd)
    __fpl_fcmp_Inf                           0x08010b4d   Thumb Code    24  fcmpi.o(x$fpl$fcmpinf)
    __aeabi_f2iz                             0x08010b65   Thumb Code     0  ffix.o(x$fpl$ffix)
    _ffix                                    0x08010b65   Thumb Code    54  ffix.o(x$fpl$ffix)
    __aeabi_f2uiz                            0x08010b9d   Thumb Code     0  ffixu.o(x$fpl$ffixu)
    _ffixu                                   0x08010b9d   Thumb Code    62  ffixu.o(x$fpl$ffixu)
    __aeabi_i2f                              0x08010bdd   Thumb Code     0  fflt_clz.o(x$fpl$fflt)
    _fflt                                    0x08010bdd   Thumb Code    48  fflt_clz.o(x$fpl$fflt)
    __aeabi_ui2f                             0x08010c0d   Thumb Code     0  fflt_clz.o(x$fpl$ffltu)
    _ffltu                                   0x08010c0d   Thumb Code    38  fflt_clz.o(x$fpl$ffltu)
    __aeabi_cfcmple                          0x08010c35   Thumb Code     0  fleqf.o(x$fpl$fleqf)
    _fcmple                                  0x08010c35   Thumb Code   104  fleqf.o(x$fpl$fleqf)
    __fpl_fcmple_InfNaN                      0x08010c87   Thumb Code     0  fleqf.o(x$fpl$fleqf)
    __aeabi_fmul                             0x08010c9d   Thumb Code     0  fmul.o(x$fpl$fmul)
    _fmul                                    0x08010c9d   Thumb Code   258  fmul.o(x$fpl$fmul)
    __fpl_fnaninf                            0x08010d9f   Thumb Code   140  fnaninf.o(x$fpl$fnaninf)
    __fpl_fretinf                            0x08010e2b   Thumb Code    10  fretinf.o(x$fpl$fretinf)
    __aeabi_cfrcmple                         0x08010e35   Thumb Code     0  frleqf.o(x$fpl$frleqf)
    _frcmple                                 0x08010e35   Thumb Code    98  frleqf.o(x$fpl$frleqf)
    __aeabi_fsub                             0x08010e99   Thumb Code     0  faddsub_clz.o(x$fpl$fsub)
    _fsub                                    0x08010e99   Thumb Code   234  faddsub_clz.o(x$fpl$fsub)
    _printf_fp_dec                           0x08010f83   Thumb Code     4  printf1.o(x$fpl$printf1)
    __fpl_return_NaN                         0x08010f87   Thumb Code   100  retnan.o(x$fpl$retnan)
    __ARM_scalbn                             0x08010feb   Thumb Code    92  scalbn.o(x$fpl$scalbn)
    _scanf_real                              0x08011047   Thumb Code     4  scanf1.o(x$fpl$scanf1)
    _scanf_hex_real                          0x0801104b   Thumb Code     4  scanf2.o(x$fpl$scanf2)
    _scanf_infnan                            0x0801104f   Thumb Code     4  scanf2.o(x$fpl$scanf2)
    __fpl_cmpreturn                          0x08011053   Thumb Code    48  trapv.o(x$fpl$trapveneer)
    __I$use$fp                               0x08011082   Number         0  usenofp.o(x$fpl$usenofp)
    DCMotorPin                               0x08011084   Data         336  dcmotor.o(.constdata)
    phSensorPin                              0x080111d4   Data         128  phsensor.o(.constdata)
    sensorMap                                0x08011254   Data          32  phsensor.o(.constdata)
    StepMotorPin                             0x08011274   Data          64  stepmotor.o(.constdata)
    speedLevel                               0x080112b4   Data          56  stepmotor.o(.constdata)
    NTCResistor_50K3950_Table                0x080112ec   Data        4408  ntcresistor.o(.constdata)
    Region$$Table$$Base                      0x080124b8   Number         0  anon$$obj.o(Region$$Table)
    Region$$Table$$Limit                     0x080124d8   Number         0  anon$$obj.o(Region$$Table)
    __aeabi_HUGE_VAL                         0x080124d8   Data           0  fpconst.o(c$$dinf)
    __aeabi_HUGE_VALL                        0x080124d8   Data           0  fpconst.o(c$$dinf)
    __aeabi_INFINITY                         0x080124d8   Data           0  fpconst.o(c$$dinf)
    __dInf                                   0x080124d8   Data           0  fpconst.o(c$$dinf)
    __huge_val                               0x080124d8   Data           0  fpconst.o(c$$dinf)
    __ctype                                  0x08012509   Data           0  lc_ctype_c.o(locale$$data)
    SystemCoreClock                          0x20000000   Data           4  system_stm32f10x.o(.data)
    AHBPrescTable                            0x20000004   Data          16  system_stm32f10x.o(.data)
    pDCMotor                                 0x20000018   Data           4  dcmotor.o(.data)
    pStepMotor                               0x2000001c   Data           4  stepmotor.o(.data)
    adcBuff                                  0x20000028   Data           6  ntcresistor.o(.data)
    ulHighFrequencyTimerTicks                0x20000030   Data           4  timer.o(.data)
    __stdout                                 0x20000038   Data           4  usart.o(.data)
    USART_RX_STA                             0x2000003c   Data           2  usart.o(.data)
    uxCriticalNesting                        0x20000054   Data           4  port.o(.data)
    pxCurrentTCB                             0x20000078   Data           4  tasks.o(.data)
    pProjectMan                              0x200000d8   Data           4  managerment.o(.data)
    button                                   0x200000e4   Data          32  button.o(.bss)
    arrayBuff                                0x200001dc   Data          24  ntcresistor.o(.bss)
    adcTemp                                  0x200001f4   Data          36  ntcresistor.o(.bss)
    USART_RX_BUF                             0x20000218   Data         200  usart.o(.bss)
    pcWriteBuffer                            0x200002e0   Data         500  usart.o(.bss)
    xQueueRegistry                           0x20002dec   Data          64  queue.o(.bss)
    que                                      0x20002e2c   Data          94  cmd_queue.o(.bss)
    cmd_buffer                               0x20002fa4   Data          30  managerment.o(.bss)
    _random_number_data                      0x20002fc4   Data         228  rand.o(.bss)
    __libspace_start                         0x200030a8   Data          96  libspace.o(.bss)
    __temporary_stack_top$libspace           0x20003108   Data           0  libspace.o(.bss)



==============================================================================

Memory Map of the image

  Image Entry point : 0x08000131

  Load Region LR_IROM1 (Base: 0x08000000, Size: 0x000126f0, Max: 0x00080000, ABSOLUTE)

    Execution Region ER_IROM1 (Base: 0x08000000, Size: 0x0001260c, Max: 0x00080000, ABSOLUTE)

    Base Addr    Size         Type   Attr      Idx    E Section Name        Object

    0x08000000   0x00000130   Data   RO          692    RESET               startup_stm32f10x_hd.o
    0x08000130   0x00000008   Code   RO         1482  * !!!main             c_w.l(__main.o)
    0x08000138   0x00000034   Code   RO         1863    !!!scatter          c_w.l(__scatter.o)
    0x0800016c   0x0000001a   Code   RO         1865    !!handler_copy      c_w.l(__scatter_copy.o)
    0x08000186   0x00000002   PAD
    0x08000188   0x0000001c   Code   RO         1867    !!handler_zi        c_w.l(__scatter_zi.o)
    0x080001a4   0x00000000   Code   RO         1462    .ARM.Collect$$_printf_percent$$00000000  c_w.l(_printf_percent.o)
    0x080001a4   0x00000006   Code   RO         1461    .ARM.Collect$$_printf_percent$$00000003  c_w.l(_printf_f.o)
    0x080001aa   0x00000006   Code   RO         1459    .ARM.Collect$$_printf_percent$$00000009  c_w.l(_printf_d.o)
    0x080001b0   0x00000006   Code   RO         1460    .ARM.Collect$$_printf_percent$$0000000A  c_w.l(_printf_u.o)
    0x080001b6   0x00000006   Code   RO         1457    .ARM.Collect$$_printf_percent$$00000013  c_w.l(_printf_c.o)
    0x080001bc   0x00000006   Code   RO         1458    .ARM.Collect$$_printf_percent$$00000014  c_w.l(_printf_s.o)
    0x080001c2   0x00000004   Code   RO         1549    .ARM.Collect$$_printf_percent$$00000017  c_w.l(_printf_percent_end.o)
    0x080001c6   0x00000002   Code   RO         1736    .ARM.Collect$$libinit$$00000000  c_w.l(libinit.o)
    0x080001c8   0x00000000   Code   RO         1563    .ARM.Collect$$libinit$$00000002  c_w.l(libinit2.o)
    0x080001c8   0x00000000   Code   RO         1565    .ARM.Collect$$libinit$$00000004  c_w.l(libinit2.o)
    0x080001c8   0x00000000   Code   RO         1568    .ARM.Collect$$libinit$$0000000A  c_w.l(libinit2.o)
    0x080001c8   0x00000000   Code   RO         1570    .ARM.Collect$$libinit$$0000000C  c_w.l(libinit2.o)
    0x080001c8   0x00000004   Code   RO         1571    .ARM.Collect$$libinit$$0000000D  c_w.l(libinit2.o)
    0x080001cc   0x00000000   Code   RO         1572    .ARM.Collect$$libinit$$0000000E  c_w.l(libinit2.o)
    0x080001cc   0x00000006   Code   RO         1573    .ARM.Collect$$libinit$$0000000F  c_w.l(libinit2.o)
    0x080001d2   0x00000000   Code   RO         1575    .ARM.Collect$$libinit$$00000011  c_w.l(libinit2.o)
    0x080001d2   0x0000000c   Code   RO         1576    .ARM.Collect$$libinit$$00000012  c_w.l(libinit2.o)
    0x080001de   0x00000000   Code   RO         1577    .ARM.Collect$$libinit$$00000013  c_w.l(libinit2.o)
    0x080001de   0x00000000   Code   RO         1579    .ARM.Collect$$libinit$$00000015  c_w.l(libinit2.o)
    0x080001de   0x0000000a   Code   RO         1580    .ARM.Collect$$libinit$$00000016  c_w.l(libinit2.o)
    0x080001e8   0x00000000   Code   RO         1581    .ARM.Collect$$libinit$$00000017  c_w.l(libinit2.o)
    0x080001e8   0x00000000   Code   RO         1583    .ARM.Collect$$libinit$$00000019  c_w.l(libinit2.o)
    0x080001e8   0x00000000   Code   RO         1585    .ARM.Collect$$libinit$$0000001B  c_w.l(libinit2.o)
    0x080001e8   0x00000000   Code   RO         1587    .ARM.Collect$$libinit$$0000001D  c_w.l(libinit2.o)
    0x080001e8   0x00000000   Code   RO         1589    .ARM.Collect$$libinit$$0000001F  c_w.l(libinit2.o)
    0x080001e8   0x00000000   Code   RO         1591    .ARM.Collect$$libinit$$00000021  c_w.l(libinit2.o)
    0x080001e8   0x00000000   Code   RO         1593    .ARM.Collect$$libinit$$00000023  c_w.l(libinit2.o)
    0x080001e8   0x00000000   Code   RO         1595    .ARM.Collect$$libinit$$00000025  c_w.l(libinit2.o)
    0x080001e8   0x00000000   Code   RO         1599    .ARM.Collect$$libinit$$0000002C  c_w.l(libinit2.o)
    0x080001e8   0x00000000   Code   RO         1601    .ARM.Collect$$libinit$$0000002E  c_w.l(libinit2.o)
    0x080001e8   0x00000000   Code   RO         1603    .ARM.Collect$$libinit$$00000030  c_w.l(libinit2.o)
    0x080001e8   0x00000000   Code   RO         1605    .ARM.Collect$$libinit$$00000032  c_w.l(libinit2.o)
    0x080001e8   0x00000002   Code   RO         1606    .ARM.Collect$$libinit$$00000033  c_w.l(libinit2.o)
    0x080001ea   0x00000002   Code   RO         1815    .ARM.Collect$$libshutdown$$00000000  c_w.l(libshutdown.o)
    0x080001ec   0x00000000   Code   RO         1830    .ARM.Collect$$libshutdown$$00000003  c_w.l(libshutdown2.o)
    0x080001ec   0x00000000   Code   RO         1833    .ARM.Collect$$libshutdown$$00000006  c_w.l(libshutdown2.o)
    0x080001ec   0x00000000   Code   RO         1836    .ARM.Collect$$libshutdown$$00000009  c_w.l(libshutdown2.o)
    0x080001ec   0x00000000   Code   RO         1838    .ARM.Collect$$libshutdown$$0000000B  c_w.l(libshutdown2.o)
    0x080001ec   0x00000000   Code   RO         1841    .ARM.Collect$$libshutdown$$0000000E  c_w.l(libshutdown2.o)
    0x080001ec   0x00000002   Code   RO         1842    .ARM.Collect$$libshutdown$$0000000F  c_w.l(libshutdown2.o)
    0x080001ee   0x00000000   Code   RO         1536    .ARM.Collect$$rtentry$$00000000  c_w.l(__rtentry.o)
    0x080001ee   0x00000000   Code   RO         1619    .ARM.Collect$$rtentry$$00000002  c_w.l(__rtentry2.o)
    0x080001ee   0x00000006   Code   RO         1631    .ARM.Collect$$rtentry$$00000004  c_w.l(__rtentry4.o)
    0x080001f4   0x00000000   Code   RO         1621    .ARM.Collect$$rtentry$$00000009  c_w.l(__rtentry2.o)
    0x080001f4   0x00000004   Code   RO         1622    .ARM.Collect$$rtentry$$0000000A  c_w.l(__rtentry2.o)
    0x080001f8   0x00000000   Code   RO         1624    .ARM.Collect$$rtentry$$0000000C  c_w.l(__rtentry2.o)
    0x080001f8   0x00000008   Code   RO         1625    .ARM.Collect$$rtentry$$0000000D  c_w.l(__rtentry2.o)
    0x08000200   0x00000002   Code   RO         1747    .ARM.Collect$$rtexit$$00000000  c_w.l(rtexit.o)
    0x08000202   0x00000000   Code   RO         1780    .ARM.Collect$$rtexit$$00000002  c_w.l(rtexit2.o)
    0x08000202   0x00000004   Code   RO         1781    .ARM.Collect$$rtexit$$00000003  c_w.l(rtexit2.o)
    0x08000206   0x00000006   Code   RO         1782    .ARM.Collect$$rtexit$$00000004  c_w.l(rtexit2.o)
    0x0800020c   0x00000096   Code   RO          847    .emb_text           port.o
    0x080002a2   0x00000002   PAD
    0x080002a4   0x00000034   Code   RO         1467    .emb_text           c_w.l(rand.o)
    0x080002d8   0x00000280   Code   RO            1    .text               main.o
    0x08000558   0x00000014   Code   RO          196    .text               stm32f10x_it.o
    0x0800056c   0x000001e0   Code   RO          228    .text               system_stm32f10x.o
    0x0800074c   0x000000b4   Code   RO          246    .text               led.o
    0x08000800   0x00000070   Code   RO          265    .text               beep.o
    0x08000870   0x00000198   Code   RO          286    .text               button.o
    0x08000a08   0x000004cc   Code   RO          366    .text               dcmotor.o
    0x08000ed4   0x00000288   Code   RO          404    .text               phsensor.o
    0x0800115c   0x00000064   Code   RO          440    .text               relaymos.o
    0x080011c0   0x00000648   Code   RO          455    .text               stepmotor.o
    0x08001808   0x00000178   Code   RO          485    .text               24cxx.o
    0x08001980   0x00000294   Code   RO          503    .text               myiic.o
    0x08001c14   0x0000002c   Code   RO          518    .text               wdg.o
    0x08001c40   0x00000124   Code   RO          536    .text               adc.o
    0x08001d64   0x00000452   Code   RO          558    .text               ntcresistor.o
    0x080021b6   0x00000002   PAD
    0x080021b8   0x0000032c   Code   RO          593    .text               timer.o
    0x080024e4   0x00000154   Code   RO          611    .text               delay.o
    0x08002638   0x0000038c   Code   RO          643    .text               usart.o
    0x080029c4   0x00000040   Code   RO          693    .text               startup_stm32f10x_hd.o
    0x08002a04   0x000000dc   Code   RO          697    .text               misc.o
    0x08002ae0   0x0000035c   Code   RO          709    .text               stm32f10x_gpio.o
    0x08002e3c   0x00000408   Code   RO          721    .text               stm32f10x_usart.o
    0x08003244   0x000003a4   Code   RO          733    .text               stm32f10x_rcc.o
    0x080035e8   0x0000011c   Code   RO          747    .text               stm32f10x_exti.o
    0x08003704   0x00000e1a   Code   RO          759    .text               stm32f10x_tim.o
    0x0800451e   0x00000002   PAD
    0x08004520   0x0000044e   Code   RO          771    .text               stm32f10x_adc.o
    0x0800496e   0x00000002   PAD
    0x08004970   0x00000040   Code   RO          783    .text               stm32f10x_iwdg.o
    0x080049b0   0x00000254   Code   RO          795    .text               stm32f10x_dma.o
    0x08004c04   0x00000468   Code   RO          807    .text               event_groups.o
    0x0800506c   0x00000268   Code   RO          848    .text               port.o
    0x080052d4   0x0000029c   Code   RO          878    .text               heap_4.o
    0x08005570   0x00001938   Code   RO          914    .text               tasks.o
    0x08006ea8   0x00000094   Code   RO          940    .text               list.o
    0x08006f3c   0x000005dc   Code   RO          952    .text               timers.o
    0x08007518   0x00000d24   Code   RO          967    .text               queue.o
    0x0800823c   0x0000039c   Code   RO          982    .text               cmd_process.o
    0x080085d8   0x00000108   Code   RO         1024    .text               cmd_queue.o
    0x080086e0   0x00001cfc   Code   RO         1043    .text               hmi_driver.o
    0x0800a3dc   0x00000118   Code   RO         1055    .text               hmi_user_uart.o
    0x0800a4f4   0x0000105c   Code   RO         1067    .text               managerment.o
    0x0800b550   0x00001540   Code   RO         1158    .text               project.o
    0x0800ca90   0x00000018   Code   RO         1193    .text               misc_1.o
    0x0800caa8   0x000000b8   Code   RO         1208    .text               mainpage.o
    0x0800cb60   0x0000010c   Code   RO         1253    .text               manualpage.o
    0x0800cc6c   0x00000044   Code   RO         1280    .text               inputpage.o
    0x0800ccb0   0x000000d8   Code   RO         1292    .text               aboutpage.o
    0x0800cd88   0x00000114   Code   RO         1315    .text               statuspage.o
    0x0800ce9c   0x00000298   Code   RO         1327    .text               tempparapage.o
    0x0800d134   0x0000018c   Code   RO         1339    .text               timeparapage.o
    0x0800d2c0   0x00000294   Code   RO         1351    .text               manualrawpage.o
    0x0800d554   0x0000014c   Code   RO         1367    .text               motorparapage.o
    0x0800d6a0   0x00000428   Code   RO         1379    .text               setuppage.o
    0x0800dac8   0x00000180   Code   RO         1391    .text               permitpage.o
    0x0800dc48   0x000000b4   Code   RO         1403    .text               pid.o
    0x0800dcfc   0x00000002   Code   RO         1421    .text               c_w.l(use_no_semi_2.o)
    0x0800dcfe   0x00000002   PAD
    0x0800dd00   0x00000018   Code   RO         1427    .text               c_w.l(noretval__2printf.o)
    0x0800dd18   0x00000028   Code   RO         1429    .text               c_w.l(noretval__2sprintf.o)
    0x0800dd40   0x00000052   Code   RO         1433    .text               c_w.l(_printf_str.o)
    0x0800dd92   0x00000002   PAD
    0x0800dd94   0x00000078   Code   RO         1435    .text               c_w.l(_printf_dec.o)
    0x0800de0c   0x00000160   Code   RO         1452    .text               c_w.l(__printf_ss_wp.o)
    0x0800df6c   0x0000003c   Code   RO         1463    .text               c_w.l(__0sscanf.o)
    0x0800dfa8   0x0000014c   Code   RO         1465    .text               c_w.l(_scanf_int.o)
    0x0800e0f4   0x0000003c   Code   RO         1468    .text               c_w.l(rand.o)
    0x0800e130   0x00000048   Code   RO         1472    .text               c_w.l(strcpy.o)
    0x0800e178   0x0000003e   Code   RO         1474    .text               c_w.l(strlen.o)
    0x0800e1b6   0x0000008a   Code   RO         1476    .text               c_w.l(rt_memcpy_v6.o)
    0x0800e240   0x00000010   Code   RO         1478    .text               c_w.l(aeabi_memset.o)
    0x0800e250   0x00000006   Code   RO         1480    .text               c_w.l(heapauxi.o)
    0x0800e256   0x00000002   Code   RO         1534    .text               c_w.l(use_no_semi.o)
    0x0800e258   0x000000b2   Code   RO         1537    .text               c_w.l(_printf_intcommon.o)
    0x0800e30a   0x0000041a   Code   RO         1539    .text               c_w.l(_printf_fp_dec.o)
    0x0800e724   0x00000030   Code   RO         1541    .text               c_w.l(_printf_char_common.o)
    0x0800e754   0x0000000a   Code   RO         1543    .text               c_w.l(_sputc.o)
    0x0800e75e   0x0000002c   Code   RO         1545    .text               c_w.l(_printf_char.o)
    0x0800e78a   0x00000002   PAD
    0x0800e78c   0x00000024   Code   RO         1547    .text               c_w.l(_printf_char_file.o)
    0x0800e7b0   0x0000001c   Code   RO         1550    .text               c_w.l(_chval.o)
    0x0800e7cc   0x000004a4   Code   RO         1552    .text               c_w.l(scanf_fp.o)
    0x0800ec70   0x0000002c   Code   RO         1554    .text               c_w.l(scanf_char.o)
    0x0800ec9c   0x00000040   Code   RO         1556    .text               c_w.l(_sgetc.o)
    0x0800ecdc   0x00000064   Code   RO         1558    .text               c_w.l(rt_memcpy_w.o)
    0x0800ed40   0x00000044   Code   RO         1560    .text               c_w.l(rt_memclr.o)
    0x0800ed84   0x00000008   Code   RO         1636    .text               c_w.l(rt_locale_intlibspace.o)
    0x0800ed8c   0x00000008   Code   RO         1641    .text               c_w.l(rt_errno_addr_intlibspace.o)
    0x0800ed94   0x0000008a   Code   RO         1643    .text               c_w.l(lludiv10.o)
    0x0800ee1e   0x00000012   Code   RO         1645    .text               c_w.l(isspace.o)
    0x0800ee30   0x00000080   Code   RO         1647    .text               c_w.l(_printf_fp_infnan.o)
    0x0800eeb0   0x00000374   Code   RO         1651    .text               c_w.l(_scanf.o)
    0x0800f224   0x000000dc   Code   RO         1653    .text               c_w.l(bigflt0.o)
    0x0800f300   0x00000008   Code   RO         1678    .text               c_w.l(ferror.o)
    0x0800f308   0x0000004e   Code   RO         1685    .text               c_w.l(rt_memclr_w.o)
    0x0800f356   0x00000002   PAD
    0x0800f358   0x00000008   Code   RO         1710    .text               c_w.l(libspace.o)
    0x0800f360   0x0000004a   Code   RO         1713    .text               c_w.l(sys_stackheap_outer.o)
    0x0800f3aa   0x00000002   PAD
    0x0800f3ac   0x00000010   Code   RO         1715    .text               c_w.l(rt_ctype_table.o)
    0x0800f3bc   0x00000016   Code   RO         1717    .text               c_w.l(_rserrno.o)
    0x0800f3d2   0x00000002   PAD
    0x0800f3d4   0x00000318   Code   RO         1719    .text               c_w.l(scanf_hexfp.o)
    0x0800f6ec   0x00000134   Code   RO         1721    .text               c_w.l(scanf_infnan.o)
    0x0800f820   0x0000000c   Code   RO         1723    .text               c_w.l(exit.o)
    0x0800f82c   0x00000080   Code   RO         1725    .text               c_w.l(strcmpv7m.o)
    0x0800f8ac   0x00000026   Code   RO         1751    .text               c_w.l(llshl.o)
    0x0800f8d2   0x0000003e   Code   RO         1656    CL$$btod_d2e        c_w.l(btod.o)
    0x0800f910   0x00000046   Code   RO         1658    CL$$btod_d2e_denorm_low  c_w.l(btod.o)
    0x0800f956   0x00000060   Code   RO         1657    CL$$btod_d2e_norm_op1  c_w.l(btod.o)
    0x0800f9b6   0x00000338   Code   RO         1666    CL$$btod_div_common  c_w.l(btod.o)
    0x0800fcee   0x00000002   PAD
    0x0800fcf0   0x00000054   Code   RO         1664    CL$$btod_e2d        c_w.l(btod.o)
    0x0800fd44   0x000000c6   Code   RO         1663    CL$$btod_e2e        c_w.l(btod.o)
    0x0800fe0a   0x00000028   Code   RO         1660    CL$$btod_ediv       c_w.l(btod.o)
    0x0800fe32   0x00000028   Code   RO         1662    CL$$btod_edivd      c_w.l(btod.o)
    0x0800fe5a   0x00000028   Code   RO         1659    CL$$btod_emul       c_w.l(btod.o)
    0x0800fe82   0x00000028   Code   RO         1661    CL$$btod_emuld      c_w.l(btod.o)
    0x0800feaa   0x00000244   Code   RO         1665    CL$$btod_mult_common  c_w.l(btod.o)
    0x080100ee   0x00000028   Code   RO         1702    i.__ARM_fpclassify  m_ws.l(fpclassify.o)
    0x08010116   0x0000000e   Code   RO         1798    i.__mathlib_dbl_overflow  m_ws.l(dunder.o)
    0x08010124   0x00000010   Code   RO         1800    i.__mathlib_dbl_underflow  m_ws.l(dunder.o)
    0x08010134   0x00000010   Code   RO         1704    i.__mathlib_narrow  m_ws.l(narrow.o)
    0x08010144   0x00000088   Code   RO         1705    i.__mathlib_tofloat  m_ws.l(narrow.o)
    0x080101cc   0x00000016   Code   RO         1767    i.__support_ldexp   m_ws.l(ldexp.o)
    0x080101e2   0x0000000e   Code   RO         1447    i._is_digit         c_w.l(__printf_wp.o)
    0x080101f0   0x00000058   Code   RO         1742    i.frexp             m_ws.l(frexp.o)
    0x08010248   0x00000074   Code   RO         1768    i.ldexp             m_ws.l(ldexp.o)
    0x080102bc   0x0000002c   Code   RO         1683    locale$$code        c_w.l(lc_numeric_c.o)
    0x080102e8   0x0000002c   Code   RO         1754    locale$$code        c_w.l(lc_ctype_c.o)
    0x08010314   0x00000062   Code   RO         1484    x$fpl$d2f           fz_ws.l(d2f.o)
    0x08010376   0x00000002   PAD
    0x08010378   0x00000010   Code   RO         1792    x$fpl$dcheck1       fz_ws.l(dcheck1.o)
    0x08010388   0x00000018   Code   RO         1760    x$fpl$dcmpinf       fz_ws.l(dcmpi.o)
    0x080103a0   0x000002b0   Code   RO         1487    x$fpl$ddiv          fz_ws.l(ddiv.o)
    0x08010650   0x00000078   Code   RO         1737    x$fpl$deqf          fz_ws.l(deqf.o)
    0x080106c8   0x0000005a   Code   RO         1490    x$fpl$dfixu         fz_ws.l(dfixu.o)
    0x08010722   0x0000002e   Code   RO         1495    x$fpl$dflt          fz_ws.l(dflt_clz.o)
    0x08010750   0x00000078   Code   RO         1762    x$fpl$dleqf         fz_ws.l(dleqf.o)
    0x080107c8   0x00000154   Code   RO         1500    x$fpl$dmul          fz_ws.l(dmul.o)
    0x0801091c   0x0000009c   Code   RO         1607    x$fpl$dnaninf       fz_ws.l(dnaninf.o)
    0x080109b8   0x0000000c   Code   RO         1609    x$fpl$dretinf       fz_ws.l(dretinf.o)
    0x080109c4   0x0000006c   Code   RO         1739    x$fpl$drleqf        fz_ws.l(drleqf.o)
    0x08010a30   0x00000056   Code   RO         1502    x$fpl$f2d           fz_ws.l(f2d.o)
    0x08010a86   0x00000002   PAD
    0x08010a88   0x000000c4   Code   RO         1504    x$fpl$fadd          fz_ws.l(faddsub_clz.o)
    0x08010b4c   0x00000018   Code   RO         1611    x$fpl$fcmpinf       fz_ws.l(fcmpi.o)
    0x08010b64   0x00000036   Code   RO         1510    x$fpl$ffix          fz_ws.l(ffix.o)
    0x08010b9a   0x00000002   PAD
    0x08010b9c   0x0000003e   Code   RO         1514    x$fpl$ffixu         fz_ws.l(ffixu.o)
    0x08010bda   0x00000002   PAD
    0x08010bdc   0x00000030   Code   RO         1519    x$fpl$fflt          fz_ws.l(fflt_clz.o)
    0x08010c0c   0x00000026   Code   RO         1518    x$fpl$ffltu         fz_ws.l(fflt_clz.o)
    0x08010c32   0x00000002   PAD
    0x08010c34   0x00000068   Code   RO         1524    x$fpl$fleqf         fz_ws.l(fleqf.o)
    0x08010c9c   0x00000102   Code   RO         1526    x$fpl$fmul          fz_ws.l(fmul.o)
    0x08010d9e   0x0000008c   Code   RO         1613    x$fpl$fnaninf       fz_ws.l(fnaninf.o)
    0x08010e2a   0x0000000a   Code   RO         1615    x$fpl$fretinf       fz_ws.l(fretinf.o)
    0x08010e34   0x00000062   Code   RO         1528    x$fpl$frleqf        fz_ws.l(frleqf.o)
    0x08010e96   0x00000002   PAD
    0x08010e98   0x000000ea   Code   RO         1506    x$fpl$fsub          fz_ws.l(faddsub_clz.o)
    0x08010f82   0x00000004   Code   RO         1530    x$fpl$printf1       fz_ws.l(printf1.o)
    0x08010f86   0x00000064   Code   RO         1822    x$fpl$retnan        fz_ws.l(retnan.o)
    0x08010fea   0x0000005c   Code   RO         1764    x$fpl$scalbn        fz_ws.l(scalbn.o)
    0x08011046   0x00000004   Code   RO         1532    x$fpl$scanf1        fz_ws.l(scanf1.o)
    0x0801104a   0x00000008   Code   RO         1696    x$fpl$scanf2        fz_ws.l(scanf2.o)
    0x08011052   0x00000030   Code   RO         1843    x$fpl$trapveneer    fz_ws.l(trapv.o)
    0x08011082   0x00000000   Code   RO         1617    x$fpl$usenofp       fz_ws.l(usenofp.o)
    0x08011082   0x00000002   PAD
    0x08011084   0x00000150   Data   RO          368    .constdata          dcmotor.o
    0x080111d4   0x000000a0   Data   RO          406    .constdata          phsensor.o
    0x08011274   0x00000078   Data   RO          457    .constdata          stepmotor.o
    0x080112ec   0x00001138   Data   RO          560    .constdata          ntcresistor.o
    0x08012424   0x00000094   Data   RO         1654    .constdata          c_w.l(bigflt0.o)
    0x080124b8   0x00000020   Data   RO         1861    Region$$Table       anon$$obj.o
    0x080124d8   0x00000008   Data   RO         1689    c$$dinf             fz_ws.l(fpconst.o)
    0x080124e0   0x0000001c   Data   RO         1682    locale$$data        c_w.l(lc_numeric_c.o)
    0x080124fc   0x00000110   Data   RO         1753    locale$$data        c_w.l(lc_ctype_c.o)


    Execution Region RW_IRAM1 (Base: 0x20000000, Size: 0x00007108, Max: 0x00010000, ABSOLUTE)

    Base Addr    Size         Type   Attr      Idx    E Section Name        Object

    0x20000000   0x00000014   Data   RW          229    .data               system_stm32f10x.o
    0x20000014   0x00000004   Data   RW          247    .data               led.o
    0x20000018   0x00000004   Data   RW          369    .data               dcmotor.o
    0x2000001c   0x0000000c   Data   RW          458    .data               stepmotor.o
    0x20000028   0x00000006   Data   RW          561    .data               ntcresistor.o
    0x2000002e   0x00000002   PAD
    0x20000030   0x00000004   Data   RW          594    .data               timer.o
    0x20000034   0x00000004   Data   RW          612    .data               delay.o
    0x20000038   0x00000006   Data   RW          645    .data               usart.o
    0x2000003e   0x00000014   Data   RW          734    .data               stm32f10x_rcc.o
    0x20000052   0x00000002   PAD
    0x20000054   0x0000000c   Data   RW          849    .data               port.o
    0x20000060   0x00000018   Data   RW          880    .data               heap_4.o
    0x20000078   0x00000044   Data   RW          916    .data               tasks.o
    0x200000bc   0x00000014   Data   RW          954    .data               timers.o
    0x200000d0   0x00000006   Data   RW         1026    .data               cmd_queue.o
    0x200000d6   0x00000002   PAD
    0x200000d8   0x00000007   Data   RW         1069    .data               managerment.o
    0x200000df   0x00000002   Data   RW         1159    .data               project.o
    0x200000e1   0x00000003   PAD
    0x200000e4   0x00000020   Zero   RW          287    .bss                button.o
    0x20000104   0x00000078   Zero   RW          367    .bss                dcmotor.o
    0x2000017c   0x00000030   Zero   RW          405    .bss                phsensor.o
    0x200001ac   0x00000030   Zero   RW          456    .bss                stepmotor.o
    0x200001dc   0x0000003c   Zero   RW          559    .bss                ntcresistor.o
    0x20000218   0x000002bc   Zero   RW          644    .bss                usart.o
    0x200004d4   0x00002800   Zero   RW          879    .bss                heap_4.o
    0x20002cd4   0x000000f0   Zero   RW          915    .bss                tasks.o
    0x20002dc4   0x00000028   Zero   RW          953    .bss                timers.o
    0x20002dec   0x00000040   Zero   RW          968    .bss                queue.o
    0x20002e2c   0x0000005e   Zero   RW         1025    .bss                cmd_queue.o
    0x20002e8a   0x00000002   PAD
    0x20002e8c   0x00000136   Zero   RW         1068    .bss                managerment.o
    0x20002fc2   0x00000002   PAD
    0x20002fc4   0x000000e4   Zero   RW         1469    .bss                c_w.l(rand.o)
    0x200030a8   0x00000060   Zero   RW         1711    .bss                c_w.l(libspace.o)
    0x20003108   0x00002000   Zero   RW          691    HEAP                startup_stm32f10x_hd.o
    0x20005108   0x00002000   Zero   RW          690    STACK               startup_stm32f10x_hd.o


==============================================================================

Image component sizes


      Code (inc. data)   RO Data    RW Data    ZI Data      Debug   Object Name

       376          0          0          0          0       2602   24cxx.o
       216         32          0          0          0        697   aboutpage.o
       292         16          0          0          0      19547   adc.o
       112          8          0          0          0        706   beep.o
       408         20          0          0         32       5331   button.o
       924        180          0          0          0       6197   cmd_process.o
       264         12          0          6         94       2188   cmd_queue.o
      1228         36        336          4        120       4502   dcmotor.o
       340         24          0          4          0       1825   delay.o
      1128          4          0          0          0      16242   event_groups.o
       668         24          0         24      10240      11484   heap_4.o
      7420          0          0          0          0      25138   hmi_driver.o
       280          8          0          0          0       1281   hmi_user_uart.o
        68         34          0          0          0        569   inputpage.o
       180         24          0          4          0        745   led.o
       148          0          0          0          0       1790   list.o
       640        194          0          0          0     272701   main.o
       184         82          0          0          0       1025   mainpage.o
      4188        194          0          7        310      15317   managerment.o
       268         42          0          0          0        638   manualpage.o
       660         52          0          0          0        877   manualrawpage.o
       220         22          0          0          0       1765   misc.o
        24         10          0          0          0        680   misc_1.o
       332         72          0          0          0        902   motorparapage.o
       660         12          0          0          0       1840   myiic.o
      1106         24       4408          6         60       3023   ntcresistor.o
       384         56          0          0          0        964   permitpage.o
       648         22        160          0         48       4461   phsensor.o
       180          4          0          0          0       2320   pid.o
       766         40          0         12          0       8015   port.o
      5440        272          0          2          0       6717   project.o
      3364         18          0          0         64      16896   queue.o
       100          8          0          0          0        504   relaymos.o
      1064         56          0          0          0        769   setuppage.o
        64         26        304          0      16384        772   startup_stm32f10x_hd.o
       276         60          0          0          0        852   statuspage.o
      1608         40        120         12         48       6318   stepmotor.o
      1102         26          0          0          0      10801   stm32f10x_adc.o
       596          8          0          0          0       4298   stm32f10x_dma.o
       284         10          0          0          0       2203   stm32f10x_exti.o
       860         38          0          0          0       5613   stm32f10x_gpio.o
        20          0          0          0          0        879   stm32f10x_it.o
        64          6          0          0          0       1249   stm32f10x_iwdg.o
       932         36          0         20          0       8760   stm32f10x_rcc.o
      3610         88          0          0          0      22100   stm32f10x_tim.o
      1032         22          0          0          0       8336   stm32f10x_usart.o
         0          0          0          0          0         32   sys.o
       480         38          0         20          0       1647   system_stm32f10x.o
      6456        392          0         68        240      25357   tasks.o
       664         78          0          0          0        980   tempparapage.o
       396         44          0          0          0        940   timeparapage.o
       812         62          0          4          0       2677   timer.o
      1500         68          0         20         40       8339   timers.o
       908        206          0          6        700       4341   usart.o
        44          0          0          0          0        614   wdg.o

    ----------------------------------------------------------------------
     55996       2850       5360        228      28384     557366   Object Totals
         0          0         32          0          0          0   (incl. Generated)
         8          0          0          9          4          0   (incl. Padding)

    ----------------------------------------------------------------------

      Code (inc. data)   RO Data    RW Data    ZI Data      Debug   Library Member Name

        60          8          0          0          0         84   __0sscanf.o
         8          0          0          0          0         68   __main.o
       352          0          0          0          0         88   __printf_ss_wp.o
        14          0          0          0          0         68   __printf_wp.o
         0          0          0          0          0          0   __rtentry.o
        12          0          0          0          0          0   __rtentry2.o
         6          0          0          0          0          0   __rtentry4.o
        52          8          0          0          0          0   __scatter.o
        26          0          0          0          0          0   __scatter_copy.o
        28          0          0          0          0          0   __scatter_zi.o
        28          0          0          0          0         68   _chval.o
         6          0          0          0          0          0   _printf_c.o
        44          0          0          0          0        108   _printf_char.o
        48          6          0          0          0         96   _printf_char_common.o
        36          4          0          0          0         80   _printf_char_file.o
         6          0          0          0          0          0   _printf_d.o
       120         16          0          0          0         92   _printf_dec.o
         6          0          0          0          0          0   _printf_f.o
      1050          0          0          0          0        216   _printf_fp_dec.o
       128         16          0          0          0         84   _printf_fp_infnan.o
       178          0          0          0          0         88   _printf_intcommon.o
         0          0          0          0          0          0   _printf_percent.o
         4          0          0          0          0          0   _printf_percent_end.o
         6          0          0          0          0          0   _printf_s.o
        82          0          0          0          0         80   _printf_str.o
         6          0          0          0          0          0   _printf_u.o
        22          0          0          0          0        100   _rserrno.o
       884          6          0          0          0        100   _scanf.o
       332          0          0          0          0         96   _scanf_int.o
        64          0          0          0          0         84   _sgetc.o
        10          0          0          0          0         68   _sputc.o
        16          0          0          0          0         68   aeabi_memset.o
       220          4        148          0          0         96   bigflt0.o
      2074        132          0          0          0        940   btod.o
        12          0          0          0          0         72   exit.o
         8          0          0          0          0         68   ferror.o
         6          0          0          0          0        152   heapauxi.o
        18          0          0          0          0         76   isspace.o
        44         10        272          0          0         76   lc_ctype_c.o
        44         10         28          0          0         76   lc_numeric_c.o
         2          0          0          0          0          0   libinit.o
        34          0          0          0          0          0   libinit2.o
         2          0          0          0          0          0   libshutdown.o
         2          0          0          0          0          0   libshutdown2.o
         8          4          0          0         96         68   libspace.o
        38          0          0          0          0         68   llshl.o
       138          0          0          0          0         80   lludiv10.o
        24          4          0          0          0         84   noretval__2printf.o
        40          6          0          0          0         84   noretval__2sprintf.o
       112         18          0          0        228        160   rand.o
        16          4          0          0          0         76   rt_ctype_table.o
         8          4          0          0          0         68   rt_errno_addr_intlibspace.o
         8          4          0          0          0         68   rt_locale_intlibspace.o
        68          0          0          0          0         68   rt_memclr.o
        78          0          0          0          0         80   rt_memclr_w.o
       138          0          0          0          0         68   rt_memcpy_v6.o
       100          0          0          0          0         80   rt_memcpy_w.o
         2          0          0          0          0          0   rtexit.o
        10          0          0          0          0          0   rtexit2.o
        44          8          0          0          0         84   scanf_char.o
      1188         12          0          0          0        148   scanf_fp.o
       792         14          0          0          0        100   scanf_hexfp.o
       308         16          0          0          0        100   scanf_infnan.o
       128          0          0          0          0         68   strcmpv7m.o
        72          0          0          0          0         80   strcpy.o
        62          0          0          0          0         76   strlen.o
        74          0          0          0          0         80   sys_stackheap_outer.o
         2          0          0          0          0         68   use_no_semi.o
         2          0          0          0          0         68   use_no_semi_2.o
        98          4          0          0          0         92   d2f.o
        16          4          0          0          0         68   dcheck1.o
        24          0          0          0          0         68   dcmpi.o
       688        140          0          0          0        208   ddiv.o
       120          4          0          0          0         92   deqf.o
        90          4          0          0          0         92   dfixu.o
        46          0          0          0          0         68   dflt_clz.o
       120          4          0          0          0         92   dleqf.o
       340         12          0          0          0        104   dmul.o
       156          4          0          0          0         92   dnaninf.o
        12          0          0          0          0         68   dretinf.o
       108          0          0          0          0         80   drleqf.o
        86          4          0          0          0         84   f2d.o
       430          8          0          0          0        168   faddsub_clz.o
        24          0          0          0          0         68   fcmpi.o
        54          4          0          0          0         84   ffix.o
        62          4          0          0          0         84   ffixu.o
        86          0          0          0          0        136   fflt_clz.o
       104          4          0          0          0         84   fleqf.o
       258          4          0          0          0         84   fmul.o
       140          4          0          0          0         84   fnaninf.o
         0          0          8          0          0          0   fpconst.o
        10          0          0          0          0         68   fretinf.o
        98          0          0          0          0         68   frleqf.o
         4          0          0          0          0         68   printf1.o
       100          0          0          0          0         68   retnan.o
        92          0          0          0          0         68   scalbn.o
         4          0          0          0          0         68   scanf1.o
         8          0          0          0          0         84   scanf2.o
        48          0          0          0          0         68   trapv.o
         0          0          0          0          0          0   usenofp.o
        30          6          0          0          0        136   dunder.o
        40          0          0          0          0         68   fpclassify.o
        88          8          0          0          0         76   frexp.o
       138          0          0          0          0        160   ldexp.o
       152          4          0          0          0        168   narrow.o

    ----------------------------------------------------------------------
     13464        542        456          0        324       8384   Library Totals
        30          2          0          0          0          0   (incl. Padding)

    ----------------------------------------------------------------------

      Code (inc. data)   RO Data    RW Data    ZI Data      Debug   Library Name

      9560        314        448          0        324       5216   c_w.l
      3426        208          8          0          0       2560   fz_ws.l
       448         18          0          0          0        608   m_ws.l

    ----------------------------------------------------------------------
     13464        542        456          0        324       8384   Library Totals

    ----------------------------------------------------------------------

==============================================================================


      Code (inc. data)   RO Data    RW Data    ZI Data      Debug   

     69460       3392       5816        228      28708     556074   Grand Totals
     69460       3392       5816        228      28708     556074   ELF Image Totals
     69460       3392       5816        228          0          0   ROM Totals

==============================================================================

    Total RO  Size (Code + RO Data)                75276 (  73.51kB)
    Total RW  Size (RW Data + ZI Data)             28936 (  28.26kB)
    Total ROM Size (Code + RO Data + RW Data)      75504 (  73.73kB)

==============================================================================

